0dc96a71832c2d4aeeb4fc53b8f792b0  dieharder_in_N19_Atree_GdmixPrime_R4_Seed651020397607357235.output
1f833efd42d4adbfdbe56226c3a3da13  dieharder_in_N1162261467_Aloop_GdmixPrime_R4_Seed651020397607357235.output
819f13e349d2d70243728c2af7ac6bb4  dieharder_in_N1162261467_AloopB256_GdmixPrime_R4_Seed651020397607357235.output
3a88d47a1a0b1c8fead88e03594a8246  dieharder_in_N43_AfibB8_GdmixPrime_R4_Seed651020397607357235.output
e93eaadfab84d972567ff260cad65186  dieharder_in_N19_Atree_GdmixPrime_R4_Seed10416326361717715772.output
c55af3a2bc4255803688dee3d0264daf  dieharder_in_N1162261467_Aloop_GdmixPrime_R4_Seed10416326361717715772.output
4e2b9b8f25603a01ec03d1f5c4c0ad76  dieharder_in_N1162261467_AloopB256_GdmixPrime_R4_Seed10416326361717715772.output
3e47c5a0447c027e6f78aa8fb0558256  dieharder_in_N43_AfibB8_GdmixPrime_R4_Seed10416326361717715772.output
