2a10a273d5cc59e8b0cfaf889eab06ce  dieharder_in_N19_Atree_GfdmixPrime_R4_Seed651020397607357235.output
1f833efd42d4adbfdbe56226c3a3da13  dieharder_in_N1162261467_Aloop_GfdmixPrime_R4_Seed651020397607357235.output
819f13e349d2d70243728c2af7ac6bb4  dieharder_in_N1162261467_AloopB256_GfdmixPrime_R4_Seed651020397607357235.output
04be9180f44a83ed95bdee85ad26069a  dieharder_in_N43_AfibB8_GfdmixPrime_R4_Seed651020397607357235.output
d5e512ad89894e0d78aa8fcf72e07bdb  dieharder_in_N19_Atree_GfdmixPrime_R4_Seed10416326361717715772.output
c55af3a2bc4255803688dee3d0264daf  dieharder_in_N1162261467_Aloop_GfdmixPrime_R4_Seed10416326361717715772.output
4e2b9b8f25603a01ec03d1f5c4c0ad76  dieharder_in_N1162261467_AloopB256_GfdmixPrime_R4_Seed10416326361717715772.output
d6b4f0123312c58d3049835be30e64aa  dieharder_in_N43_AfibB8_GfdmixPrime_R4_Seed10416326361717715772.output
