13633576 dieharder_in_N19_Atree_Gdmix_R4_Seed651020397607357235.output
9089052 dieharder_in_N1162261467_Aloop_Gdmix_R4_Seed651020397607357235.output
9089052 dieharder_in_N1162261467_AloopB256_Gdmix_R4_Seed651020397607357235.output
14360220 dieharder_in_N43_AfibB8_Gdmix_R4_Seed651020397607357235.output
13633576 dieharder_in_N19_Atree_Gdmix_R4_Seed10416326361717715772.output
9089052 dieharder_in_N1162261467_Aloop_Gdmix_R4_Seed10416326361717715772.output
9089052 dieharder_in_N1162261467_AloopB256_Gdmix_R4_Seed10416326361717715772.output
14360220 dieharder_in_N43_AfibB8_Gdmix_R4_Seed10416326361717715772.output
13633576 dieharder_in_N19_Atree_GdmixPrime_R4_Seed651020397607357235.output
9089052 dieharder_in_N1162261467_Aloop_GdmixPrime_R4_Seed651020397607357235.output
9089052 dieharder_in_N1162261467_AloopB256_GdmixPrime_R4_Seed651020397607357235.output
14360220 dieharder_in_N43_AfibB8_GdmixPrime_R4_Seed651020397607357235.output
13633576 dieharder_in_N19_Atree_GdmixPrime_R4_Seed10416326361717715772.output
9089052 dieharder_in_N1162261467_Aloop_GdmixPrime_R4_Seed10416326361717715772.output
9089052 dieharder_in_N1162261467_AloopB256_GdmixPrime_R4_Seed10416326361717715772.output
14360220 dieharder_in_N43_AfibB8_GdmixPrime_R4_Seed10416326361717715772.output
13633576 dieharder_in_N19_Atree_Gfdmix_R4_Seed651020397607357235.output
9089052 dieharder_in_N1162261467_Aloop_Gfdmix_R4_Seed651020397607357235.output
9089052 dieharder_in_N1162261467_AloopB256_Gfdmix_R4_Seed651020397607357235.output
14360220 dieharder_in_N43_AfibB8_Gfdmix_R4_Seed651020397607357235.output
13633576 dieharder_in_N19_Atree_Gfdmix_R4_Seed10416326361717715772.output
9089052 dieharder_in_N1162261467_Aloop_Gfdmix_R4_Seed10416326361717715772.output
9089052 dieharder_in_N1162261467_AloopB256_Gfdmix_R4_Seed10416326361717715772.output
14360220 dieharder_in_N43_AfibB8_Gfdmix_R4_Seed10416326361717715772.output
13633576 dieharder_in_N19_Atree_GfdmixPrime_R4_Seed651020397607357235.output
9089052 dieharder_in_N1162261467_Aloop_GfdmixPrime_R4_Seed651020397607357235.output
9089052 dieharder_in_N1162261467_AloopB256_GfdmixPrime_R4_Seed651020397607357235.output
14360220 dieharder_in_N43_AfibB8_GfdmixPrime_R4_Seed651020397607357235.output
13633576 dieharder_in_N19_Atree_GfdmixPrime_R4_Seed10416326361717715772.output
9089052 dieharder_in_N1162261467_Aloop_GfdmixPrime_R4_Seed10416326361717715772.output
9089052 dieharder_in_N1162261467_AloopB256_GfdmixPrime_R4_Seed10416326361717715772.output
14360220 dieharder_in_N43_AfibB8_GfdmixPrime_R4_Seed10416326361717715772.output
