c693b0c7ab4cc213a0877781b32f93d7  dieharder_in_N19_Atree_Gfdmix_R4_Seed651020397607357235.output
993b3a29b12e7dc387c7e5a3ad1aefcd  dieharder_in_N1162261467_Aloop_Gfdmix_R4_Seed651020397607357235.output
d649d63bd48aa67f618340424e5f9e2c  dieharder_in_N1162261467_AloopB256_Gfdmix_R4_Seed651020397607357235.output
6f6381388aa3f3b81614e1121d6b21d9  dieharder_in_N43_AfibB8_Gfdmix_R4_Seed651020397607357235.output
9fad92102eb82fa7e4dc56abe5186064  dieharder_in_N19_Atree_Gfdmix_R4_Seed10416326361717715772.output
6ce4fc26bc4f09990a81c24de16f8223  dieharder_in_N1162261467_Aloop_Gfdmix_R4_Seed10416326361717715772.output
09b00b53a81d9eed6d25b6473209585b  dieharder_in_N1162261467_AloopB256_Gfdmix_R4_Seed10416326361717715772.output
21520525beb12c2fa1c8c67772229c5e  dieharder_in_N43_AfibB8_Gfdmix_R4_Seed10416326361717715772.output
