0e1b70c1809ea8c8b84c4db08ef9e9f2  dieharder_in_N19_Atree_Gdmix_R4_Seed651020397607357235.output
993b3a29b12e7dc387c7e5a3ad1aefcd  dieharder_in_N1162261467_Aloop_Gdmix_R4_Seed651020397607357235.output
d649d63bd48aa67f618340424e5f9e2c  dieharder_in_N1162261467_AloopB256_Gdmix_R4_Seed651020397607357235.output
c2576f39ffe9c006b562010b11acc134  dieharder_in_N43_AfibB8_Gdmix_R4_Seed651020397607357235.output
b03db5423907ea11b0a46587f8df5b78  dieharder_in_N19_Atree_Gdmix_R4_Seed10416326361717715772.output
6ce4fc26bc4f09990a81c24de16f8223  dieharder_in_N1162261467_Aloop_Gdmix_R4_Seed10416326361717715772.output
09b00b53a81d9eed6d25b6473209585b  dieharder_in_N1162261467_AloopB256_Gdmix_R4_Seed10416326361717715772.output
52ace6a3d953ab9dbc0e12a9c4493a49  dieharder_in_N43_AfibB8_Gdmix_R4_Seed10416326361717715772.output
