ecf39d0c263721dfe37a2e8507a5fd4a *filecheck_in_N13_Atree_Gfdmix_R4_Seed651020397607357235.output
a7631ebbc008ff1b322f8db60dcd49b7 *filecheck_in_N13_Atree_Gfdmix_R8_Seed651020397607357235.output
16dd77462db905cd0a4c904dc45a10af *filecheck_in_N13_Atree_Gfdmix_R16_Seed651020397607357235.output
d93ba3dff1a8a32b2a6476a31649e6b3 *filecheck_in_N1594323_Aloop_Gfdmix_R4_Seed651020397607357235.output
b696585a41c792c5541de2476f4ed009 *filecheck_in_N1594323_Aloop_Gfdmix_R8_Seed651020397607357235.output
1a4f73dc27e59d0110e98061b5cba724 *filecheck_in_N1594323_Aloop_Gfdmix_R16_Seed651020397607357235.output
fb5e542ec6be018b3593245019471cda *filecheck_in_N1594323_AloopB256_Gfdmix_R4_Seed651020397607357235.output
e1b7f1dd271373e64aedc1702325982f *filecheck_in_N1594323_AloopB256_Gfdmix_R8_Seed651020397607357235.output
725953a9734d5496c5bd0c19c2586168 *filecheck_in_N1594323_AloopB256_Gfdmix_R16_Seed651020397607357235.output
cd43c308426c124af98063dcd43812ce *filecheck_in_N24_AfibB8_Gfdmix_R4_Seed651020397607357235.output
5bacbe687d6aa4d754c84f32040c10de *filecheck_in_N24_AfibB8_Gfdmix_R8_Seed651020397607357235.output
40c8d05ed692bb67b3bdfce2bb81f7bc *filecheck_in_N24_AfibB8_Gfdmix_R16_Seed651020397607357235.output
e859627e72fcdf024e30c074b4c3cb2e *filecheck_in_N13_Atree_Gfdmix_R4_Seed10416326361717715772.output
1ad8b7b3c4e6f9ea989545eec34979d0 *filecheck_in_N13_Atree_Gfdmix_R8_Seed10416326361717715772.output
e031d6cedd393e7398ef202d4085d6c6 *filecheck_in_N13_Atree_Gfdmix_R16_Seed10416326361717715772.output
4211227c1590ceb5ff2c00694decb2e3 *filecheck_in_N1594323_Aloop_Gfdmix_R4_Seed10416326361717715772.output
0f652f3274f9d8d352962a1d142550dc *filecheck_in_N1594323_Aloop_Gfdmix_R8_Seed10416326361717715772.output
27693cd22f255f1fa82ac88d4ab6a008 *filecheck_in_N1594323_Aloop_Gfdmix_R16_Seed10416326361717715772.output
68fd7a9b258d3d51741e7476715e97e5 *filecheck_in_N1594323_AloopB256_Gfdmix_R4_Seed10416326361717715772.output
aff823dec6200c566b6f3c7d69985c87 *filecheck_in_N1594323_AloopB256_Gfdmix_R8_Seed10416326361717715772.output
10e4cec206a8a80135af3df9d493c46b *filecheck_in_N1594323_AloopB256_Gfdmix_R16_Seed10416326361717715772.output
3fd6dd5b300ec53c295b84c418f19e6b *filecheck_in_N24_AfibB8_Gfdmix_R4_Seed10416326361717715772.output
c1c392c9375272290bfad29d966070f2 *filecheck_in_N24_AfibB8_Gfdmix_R8_Seed10416326361717715772.output
2476ea46fe734de2a1fb1966d8465df8 *filecheck_in_N24_AfibB8_Gfdmix_R16_Seed10416326361717715772.output
34896c20fcb6b441e5ccc546fdf24eac *filecheck_in_N13_Atree_Gfdmix_R4_Seed2001959028291723867.output
b0e12efdd43fc214a074f3791ff218b0 *filecheck_in_N13_Atree_Gfdmix_R8_Seed2001959028291723867.output
de9de0fa02b9b6ecc1fd6958316b6906 *filecheck_in_N13_Atree_Gfdmix_R16_Seed2001959028291723867.output
f629314961c74452cfcd6fa3d83c732d *filecheck_in_N1594323_Aloop_Gfdmix_R4_Seed2001959028291723867.output
f7c1a320fa051aa81e6a95d282c12cb0 *filecheck_in_N1594323_Aloop_Gfdmix_R8_Seed2001959028291723867.output
0e0db00dd5927c444057e80fffde0e8e *filecheck_in_N1594323_Aloop_Gfdmix_R16_Seed2001959028291723867.output
1aa40fe1e6345d70642e275a161d419b *filecheck_in_N1594323_AloopB256_Gfdmix_R4_Seed2001959028291723867.output
9eda3b75ad72067f5174d63c37cbb06d *filecheck_in_N1594323_AloopB256_Gfdmix_R8_Seed2001959028291723867.output
24fe7d4d468187480135e5b63fd3ec9c *filecheck_in_N1594323_AloopB256_Gfdmix_R16_Seed2001959028291723867.output
a63c9f555e8dc39072008cc419f3ad8a *filecheck_in_N24_AfibB8_Gfdmix_R4_Seed2001959028291723867.output
9ba25ee4e49befd895d2161688108a27 *filecheck_in_N24_AfibB8_Gfdmix_R8_Seed2001959028291723867.output
c18130d1746d7517d35dc11a8e6db496 *filecheck_in_N24_AfibB8_Gfdmix_R16_Seed2001959028291723867.output
15bf69b32856955a862996e33755083c *filecheck_in_N13_Atree_Gfdmix_R4_Seed3698757827557609530.output
3deb83c8591c26e2a57988f031022951 *filecheck_in_N13_Atree_Gfdmix_R8_Seed3698757827557609530.output
e00d88c8b2c326e66d349d0e559e5136 *filecheck_in_N13_Atree_Gfdmix_R16_Seed3698757827557609530.output
25252a3cefcfd3dc3a727db204d403c2 *filecheck_in_N1594323_Aloop_Gfdmix_R4_Seed3698757827557609530.output
c7f18dcdef3c3c0af2ddb9d6d6b0b5b5 *filecheck_in_N1594323_Aloop_Gfdmix_R8_Seed3698757827557609530.output
1702a8f0702c6d43aab50ac64f13a8f3 *filecheck_in_N1594323_Aloop_Gfdmix_R16_Seed3698757827557609530.output
a315aebd72e26ba901dd72c48e14e07e *filecheck_in_N1594323_AloopB256_Gfdmix_R4_Seed3698757827557609530.output
26d3d4517819924227dadba00ebefe24 *filecheck_in_N1594323_AloopB256_Gfdmix_R8_Seed3698757827557609530.output
08d5da3cc78c4a3fe0f043d9e664f1ec *filecheck_in_N1594323_AloopB256_Gfdmix_R16_Seed3698757827557609530.output
24948d3910f8df4538fdfb3affa1dc67 *filecheck_in_N24_AfibB8_Gfdmix_R4_Seed3698757827557609530.output
fb203860ced38ead7951bd6a16006cb8 *filecheck_in_N24_AfibB8_Gfdmix_R8_Seed3698757827557609530.output
e1d9851af8efe352c00145901e7b655e *filecheck_in_N24_AfibB8_Gfdmix_R16_Seed3698757827557609530.output
cbc68c563626a02d50450769e94b038d *filecheck_in_N13_Atree_Gfdmix_R4_Seed4561586318396457410.output
25e3006b69ee14f9e81002cdd99f7ee5 *filecheck_in_N13_Atree_Gfdmix_R8_Seed4561586318396457410.output
29b48af0d182c898de036e0bec99df65 *filecheck_in_N13_Atree_Gfdmix_R16_Seed4561586318396457410.output
a3eaacd2ad821521db96ca67c2e08f8f *filecheck_in_N1594323_Aloop_Gfdmix_R4_Seed4561586318396457410.output
7fc2caa5a5202338b96013ef4b0b9304 *filecheck_in_N1594323_Aloop_Gfdmix_R8_Seed4561586318396457410.output
12be6f32256d0f91d56228e5753eeb5a *filecheck_in_N1594323_Aloop_Gfdmix_R16_Seed4561586318396457410.output
de7b855c546c20d3d8ab75abcaf8ec98 *filecheck_in_N1594323_AloopB256_Gfdmix_R4_Seed4561586318396457410.output
19c16b25aa07e0bca69b5d95df658095 *filecheck_in_N1594323_AloopB256_Gfdmix_R8_Seed4561586318396457410.output
26626bb581dc129c40da00af38ef822f *filecheck_in_N1594323_AloopB256_Gfdmix_R16_Seed4561586318396457410.output
a83e70ccc887d5a01829fd6f3b3f7c51 *filecheck_in_N24_AfibB8_Gfdmix_R4_Seed4561586318396457410.output
14cbbad716222f1a64b1e3a072f38a0f *filecheck_in_N24_AfibB8_Gfdmix_R8_Seed4561586318396457410.output
ee50eee15e1e32991dad6f4e15e7805e *filecheck_in_N24_AfibB8_Gfdmix_R16_Seed4561586318396457410.output
af9f969ba9622318780df27fbfb4ee28 *filecheck_in_N13_Atree_Gfdmix_R4_Seed9223372036854775807.output
8520f847e7ac7108a8db45ea4c199879 *filecheck_in_N13_Atree_Gfdmix_R8_Seed9223372036854775807.output
4fab83e88ebafb717db76f417054760b *filecheck_in_N13_Atree_Gfdmix_R16_Seed9223372036854775807.output
7a65f743e87d9800d36e55b241542b82 *filecheck_in_N1594323_Aloop_Gfdmix_R4_Seed9223372036854775807.output
47611bdbf585b0a49b552124ff7d6343 *filecheck_in_N1594323_Aloop_Gfdmix_R8_Seed9223372036854775807.output
9f705fff9bff3bd716837da837e2f187 *filecheck_in_N1594323_Aloop_Gfdmix_R16_Seed9223372036854775807.output
0149c8a2e9be19a2ec3750fd0772dfa3 *filecheck_in_N1594323_AloopB256_Gfdmix_R4_Seed9223372036854775807.output
5092fbb0af7e48af5904ba6b9a37fcfa *filecheck_in_N1594323_AloopB256_Gfdmix_R8_Seed9223372036854775807.output
1cd73ee18422de06a07d9a2f0a674f58 *filecheck_in_N1594323_AloopB256_Gfdmix_R16_Seed9223372036854775807.output
4da42e9c4924f3dca51ff456c7f0cbb1 *filecheck_in_N24_AfibB8_Gfdmix_R4_Seed9223372036854775807.output
9a4d14603b6f626e004f7a2580a2c2ef *filecheck_in_N24_AfibB8_Gfdmix_R8_Seed9223372036854775807.output
dc34d62e03fed055ab66a7c989825258 *filecheck_in_N24_AfibB8_Gfdmix_R16_Seed9223372036854775807.output
aa1b1d3373ff521e6a4dc43fd08db235 *filecheck_in_N13_Atree_Gfdmix_R4_Seed0.output
241b18047c438a19d3747d290113ec5c *filecheck_in_N13_Atree_Gfdmix_R8_Seed0.output
7ec44cf020cbe0840e77186bc514a33a *filecheck_in_N13_Atree_Gfdmix_R16_Seed0.output
e602113dd1a81cb00a70d3364b8a2600 *filecheck_in_N1594323_Aloop_Gfdmix_R4_Seed0.output
14126093743e652b4331c488549de227 *filecheck_in_N1594323_Aloop_Gfdmix_R8_Seed0.output
873e6770e1c2a36674e0741499f1771a *filecheck_in_N1594323_Aloop_Gfdmix_R16_Seed0.output
8c2b9d4b010f40a33f389de948b156f9 *filecheck_in_N1594323_AloopB256_Gfdmix_R4_Seed0.output
76c1ce11bd8ce7e3189c925675158b7c *filecheck_in_N1594323_AloopB256_Gfdmix_R8_Seed0.output
1738a878ce2d577586b7a9997738627e *filecheck_in_N1594323_AloopB256_Gfdmix_R16_Seed0.output
c3d7d2fa241dafc0c09e6c6495b13b1d *filecheck_in_N24_AfibB8_Gfdmix_R4_Seed0.output
037b551c63ffde64de6f6f227ae6f69e *filecheck_in_N24_AfibB8_Gfdmix_R8_Seed0.output
0a71af66b254806a06450faf866706fb *filecheck_in_N24_AfibB8_Gfdmix_R16_Seed0.output
5ba8c18871e20e512a6ae4572554a722 *filecheck_in_N13_Atree_Gfdmix_R4_Seed1.output
4be306db2c6a1e12d8c93525452a994e *filecheck_in_N13_Atree_Gfdmix_R8_Seed1.output
881e7840c73b56e8cd24f3cdafcb64d3 *filecheck_in_N13_Atree_Gfdmix_R16_Seed1.output
66c6438dc4bf4cd79ae2a8b8b3abbdaa *filecheck_in_N1594323_Aloop_Gfdmix_R4_Seed1.output
91dc0c1e04d69c87312a4ff3e367fd0f *filecheck_in_N1594323_Aloop_Gfdmix_R8_Seed1.output
3aae8140ff9b6d781e7277038b9b135c *filecheck_in_N1594323_Aloop_Gfdmix_R16_Seed1.output
a52e5ebfc5a70c4db5b577219f9ace45 *filecheck_in_N1594323_AloopB256_Gfdmix_R4_Seed1.output
37c1ab64c8af160ee15b7cb34715bd6c *filecheck_in_N1594323_AloopB256_Gfdmix_R8_Seed1.output
c334f8366bc489210b78418ddc07ffb5 *filecheck_in_N1594323_AloopB256_Gfdmix_R16_Seed1.output
e8fa9fa95510527416a57635b7646f99 *filecheck_in_N24_AfibB8_Gfdmix_R4_Seed1.output
bb0daab3b9ee61f0d6bd48dfe6750841 *filecheck_in_N24_AfibB8_Gfdmix_R8_Seed1.output
9472604a0d6eae09998fdb99779ad5d9 *filecheck_in_N24_AfibB8_Gfdmix_R16_Seed1.output
581fa2d09b7ca0bd5c770bd00e1747cb *filecheck_in_N13_Atree_Gfdmix_R4_Seed3.output
667047778e43f32d3ca3af1c3017e25a *filecheck_in_N13_Atree_Gfdmix_R8_Seed3.output
92e20485622f9781accde4e6da03a7f3 *filecheck_in_N13_Atree_Gfdmix_R16_Seed3.output
a307d1f3d37b9ff1a74d6a3e49e9ac47 *filecheck_in_N1594323_Aloop_Gfdmix_R4_Seed3.output
a555b4ba52dfd22cbf0e276a143f46c2 *filecheck_in_N1594323_Aloop_Gfdmix_R8_Seed3.output
a35e0f9d3834e838cea532749775a9d7 *filecheck_in_N1594323_Aloop_Gfdmix_R16_Seed3.output
1ee58ee83dd909086a93195a7ff405d8 *filecheck_in_N1594323_AloopB256_Gfdmix_R4_Seed3.output
922788ca535759ffdb93ff08776cbbf7 *filecheck_in_N1594323_AloopB256_Gfdmix_R8_Seed3.output
fe12e3b9fe7f9e7f9f6d8facfc05f573 *filecheck_in_N1594323_AloopB256_Gfdmix_R16_Seed3.output
5b223a046cb526014cdeb426fbc0f8d5 *filecheck_in_N24_AfibB8_Gfdmix_R4_Seed3.output
65e8931463c3eea0ff06c6f8d195444a *filecheck_in_N24_AfibB8_Gfdmix_R8_Seed3.output
ad28a7b2788a215c3d73bc26f06dd448 *filecheck_in_N24_AfibB8_Gfdmix_R16_Seed3.output
2b39bfed59e45f8cd22ce23d191d3026 *filecheck_in_N13_Atree_Gfdmix_R4_Seed32.output
585f408a14b6dac9b01571888e65bee7 *filecheck_in_N13_Atree_Gfdmix_R8_Seed32.output
d3fd3a6227e6dd1bdabf315ad4ec4875 *filecheck_in_N13_Atree_Gfdmix_R16_Seed32.output
5fdd24ac3f7ffea4b2de042b0b2b5b37 *filecheck_in_N1594323_Aloop_Gfdmix_R4_Seed32.output
730701e476ac9450f91719846e057470 *filecheck_in_N1594323_Aloop_Gfdmix_R8_Seed32.output
b2ad5891187098a8f68a98bc19de1e99 *filecheck_in_N1594323_Aloop_Gfdmix_R16_Seed32.output
5e31a46aebf5c62d25bd6e908be16315 *filecheck_in_N1594323_AloopB256_Gfdmix_R4_Seed32.output
d13797cb9b74585b57696dd7e002aa6b *filecheck_in_N1594323_AloopB256_Gfdmix_R8_Seed32.output
c92f995fba66ec512d13e7d34b6ad4e5 *filecheck_in_N1594323_AloopB256_Gfdmix_R16_Seed32.output
ab26ab2353c314199621c2db90404780 *filecheck_in_N24_AfibB8_Gfdmix_R4_Seed32.output
ee4b4407808242d36f38d6a521e96f98 *filecheck_in_N24_AfibB8_Gfdmix_R8_Seed32.output
4292a43723f613bfecf08b4ffb20ed86 *filecheck_in_N24_AfibB8_Gfdmix_R16_Seed32.output
b394496e6521725907a62f9458bb4769 *filecheck_in_N13_Atree_Gfdmix_R4_Seed1201.output
f6942388a8e120381e0a0a5e6c833f80 *filecheck_in_N13_Atree_Gfdmix_R8_Seed1201.output
e309e51dc9f52947e4c110c259023441 *filecheck_in_N13_Atree_Gfdmix_R16_Seed1201.output
1faff99e1c3a9fd35a84a58111a47238 *filecheck_in_N1594323_Aloop_Gfdmix_R4_Seed1201.output
a2ab85b46d8478a13bc83b8acc4a43a1 *filecheck_in_N1594323_Aloop_Gfdmix_R8_Seed1201.output
92ea64e94d71bf4c757c51627ae7593d *filecheck_in_N1594323_Aloop_Gfdmix_R16_Seed1201.output
8c71118e8169ed7ccbab5f43b6e2b02b *filecheck_in_N1594323_AloopB256_Gfdmix_R4_Seed1201.output
816e9e798c510efee9db2d733a8b09a6 *filecheck_in_N1594323_AloopB256_Gfdmix_R8_Seed1201.output
b6bd63e793d2f32a4801d50f14614f61 *filecheck_in_N1594323_AloopB256_Gfdmix_R16_Seed1201.output
44054d3728596323199d11cfadb79c36 *filecheck_in_N24_AfibB8_Gfdmix_R4_Seed1201.output
b550b66077e0132cff9df509108ad2ef *filecheck_in_N24_AfibB8_Gfdmix_R8_Seed1201.output
7e467c2f96f9a39e92ebe0891da9fb2d *filecheck_in_N24_AfibB8_Gfdmix_R16_Seed1201.output
