05ec74de3a22fb14565f64911753be1c *filecheck_in_N13_Atree_Gdmix_R4_Seed651020397607357235.output
a5bd99b80edf6d443fbff8064229679b *filecheck_in_N13_Atree_Gdmix_R8_Seed651020397607357235.output
665b0d4549b935b7a40612cb1b66f302 *filecheck_in_N13_Atree_Gdmix_R16_Seed651020397607357235.output
54697958e02ad50039c52d241c39580b *filecheck_in_N1594323_Aloop_Gdmix_R4_Seed651020397607357235.output
814fa57a31752c4d346c2c87a8d5aed5 *filecheck_in_N1594323_Aloop_Gdmix_R8_Seed651020397607357235.output
9dba940c2c28882aed590585a681a303 *filecheck_in_N1594323_Aloop_Gdmix_R16_Seed651020397607357235.output
d309c34021a347e73accc15c37ec5943 *filecheck_in_N1594323_AloopB256_Gdmix_R4_Seed651020397607357235.output
9a0930c8da0d5b89e68fa026f25a234e *filecheck_in_N1594323_AloopB256_Gdmix_R8_Seed651020397607357235.output
69efb06cbb61eabc56fc755970223796 *filecheck_in_N1594323_AloopB256_Gdmix_R16_Seed651020397607357235.output
f142376a7e4cb359c9adbcf3d20a01ad *filecheck_in_N24_AfibB8_Gdmix_R4_Seed651020397607357235.output
01dad5be264a6b0c5efa2932aba8cfaa *filecheck_in_N24_AfibB8_Gdmix_R8_Seed651020397607357235.output
26e47b57555b255ce60357572d96308e *filecheck_in_N24_AfibB8_Gdmix_R16_Seed651020397607357235.output
a5872fa7899ef468607e268933af09df *filecheck_in_N13_Atree_Gdmix_R4_Seed10416326361717715772.output
70c0975e35a57755f073e51192ad3cea *filecheck_in_N13_Atree_Gdmix_R8_Seed10416326361717715772.output
5d6ecab05de769df150b702bbb4ed183 *filecheck_in_N13_Atree_Gdmix_R16_Seed10416326361717715772.output
47a84477084342de4c8e5c96bc5065d8 *filecheck_in_N1594323_Aloop_Gdmix_R4_Seed10416326361717715772.output
7072870f404d89f28d1a99c537745b9a *filecheck_in_N1594323_Aloop_Gdmix_R8_Seed10416326361717715772.output
2d449da4d2efde6bc28373a3637bc54c *filecheck_in_N1594323_Aloop_Gdmix_R16_Seed10416326361717715772.output
2e071d23af43e8227fba13a4f6570d2a *filecheck_in_N1594323_AloopB256_Gdmix_R4_Seed10416326361717715772.output
5fef0d617e4a861ac0a0639483a39fef *filecheck_in_N1594323_AloopB256_Gdmix_R8_Seed10416326361717715772.output
b21a497933eb83022cbb8f83d1c2f7ad *filecheck_in_N1594323_AloopB256_Gdmix_R16_Seed10416326361717715772.output
16e96a3d1f8eabeb5ed2496f7963876c *filecheck_in_N24_AfibB8_Gdmix_R4_Seed10416326361717715772.output
c28a4248188b1107d5a7aa8148f78d60 *filecheck_in_N24_AfibB8_Gdmix_R8_Seed10416326361717715772.output
849be1b1d7a79eaf9e2e4d6f61e2af40 *filecheck_in_N24_AfibB8_Gdmix_R16_Seed10416326361717715772.output
5dc9187f9b316a059128aa0beb5cce08 *filecheck_in_N13_Atree_Gdmix_R4_Seed2001959028291723867.output
ce6d35370b3772323057c6d481a2f07a *filecheck_in_N13_Atree_Gdmix_R8_Seed2001959028291723867.output
a9ee164a564ec385c4cc7a467d7179a0 *filecheck_in_N13_Atree_Gdmix_R16_Seed2001959028291723867.output
10fe4718076d388e6bf8d793d97a6326 *filecheck_in_N1594323_Aloop_Gdmix_R4_Seed2001959028291723867.output
d4f00f54c18023f2ec3c1812f366a63f *filecheck_in_N1594323_Aloop_Gdmix_R8_Seed2001959028291723867.output
cf4c392db461d9ef8de55787d16f3d59 *filecheck_in_N1594323_Aloop_Gdmix_R16_Seed2001959028291723867.output
1d061df13cf28f90947da05b242f476b *filecheck_in_N1594323_AloopB256_Gdmix_R4_Seed2001959028291723867.output
4a6f5782222f03b5bf7b6563d0128925 *filecheck_in_N1594323_AloopB256_Gdmix_R8_Seed2001959028291723867.output
fe7f43836c837a3236bc43e7575a5c77 *filecheck_in_N1594323_AloopB256_Gdmix_R16_Seed2001959028291723867.output
98e53a1e830301031c1819201f87f1c3 *filecheck_in_N24_AfibB8_Gdmix_R4_Seed2001959028291723867.output
4dff1db073ac66788b7c853ff7bb736d *filecheck_in_N24_AfibB8_Gdmix_R8_Seed2001959028291723867.output
982f467e2a164870477ab4617db4f1eb *filecheck_in_N24_AfibB8_Gdmix_R16_Seed2001959028291723867.output
5811507693e54be75a44231a36aa9efe *filecheck_in_N13_Atree_Gdmix_R4_Seed3698757827557609530.output
6302bd3e8d221cefd6b380302ca89baf *filecheck_in_N13_Atree_Gdmix_R8_Seed3698757827557609530.output
943f8ab92a66933df50d16f96315d810 *filecheck_in_N13_Atree_Gdmix_R16_Seed3698757827557609530.output
7062f46440028cde8bb3baef0981e261 *filecheck_in_N1594323_Aloop_Gdmix_R4_Seed3698757827557609530.output
feb2a38c37dccb8f229302832bee7826 *filecheck_in_N1594323_Aloop_Gdmix_R8_Seed3698757827557609530.output
469826935114489eaa07d7d7d7e03402 *filecheck_in_N1594323_Aloop_Gdmix_R16_Seed3698757827557609530.output
ffeca5056ca80f954ca25a2017da29f5 *filecheck_in_N1594323_AloopB256_Gdmix_R4_Seed3698757827557609530.output
10c69811dfe8bd90142ee3edfe2382b4 *filecheck_in_N1594323_AloopB256_Gdmix_R8_Seed3698757827557609530.output
f0c542cd9106e07ace3c19369d5c7f1d *filecheck_in_N1594323_AloopB256_Gdmix_R16_Seed3698757827557609530.output
d15f38bc296b0af18e2f49c856bd3518 *filecheck_in_N24_AfibB8_Gdmix_R4_Seed3698757827557609530.output
dfbadd029f848e1bbbe264417103495b *filecheck_in_N24_AfibB8_Gdmix_R8_Seed3698757827557609530.output
60cf21d5093209b240d3645f4b1ea96d *filecheck_in_N24_AfibB8_Gdmix_R16_Seed3698757827557609530.output
c705c19ca58d28656c161b669cab2888 *filecheck_in_N13_Atree_Gdmix_R4_Seed4561586318396457410.output
3a6a5b17dc83b061cf468ba17522228f *filecheck_in_N13_Atree_Gdmix_R8_Seed4561586318396457410.output
d0c41f4623167b9d50a93a1f6e85340a *filecheck_in_N13_Atree_Gdmix_R16_Seed4561586318396457410.output
0138f1b5fe0de2b37fc4837afa98e1cb *filecheck_in_N1594323_Aloop_Gdmix_R4_Seed4561586318396457410.output
a31045c026bdae51b25a31ac8e652cce *filecheck_in_N1594323_Aloop_Gdmix_R8_Seed4561586318396457410.output
a5b320a019097cde6fc0c3143fd5c90a *filecheck_in_N1594323_Aloop_Gdmix_R16_Seed4561586318396457410.output
d191cdcb7fa0d101ee0b26c335d12d59 *filecheck_in_N1594323_AloopB256_Gdmix_R4_Seed4561586318396457410.output
4f7250c10040488c3a6a579ebe52047f *filecheck_in_N1594323_AloopB256_Gdmix_R8_Seed4561586318396457410.output
e4bc806d490a290b6d7642a9ef915893 *filecheck_in_N1594323_AloopB256_Gdmix_R16_Seed4561586318396457410.output
d3d36e0e3f6c2f00f050fc754066d05c *filecheck_in_N24_AfibB8_Gdmix_R4_Seed4561586318396457410.output
4f03d7039dc92aef463f76caa308e26f *filecheck_in_N24_AfibB8_Gdmix_R8_Seed4561586318396457410.output
1727a10126e88d5c6fed68ebeb5ff746 *filecheck_in_N24_AfibB8_Gdmix_R16_Seed4561586318396457410.output
08bef3706f3058191af4d3cddf9f9161 *filecheck_in_N13_Atree_Gdmix_R4_Seed9223372036854775807.output
7db21664fbd1f864e753f8f64df29fb1 *filecheck_in_N13_Atree_Gdmix_R8_Seed9223372036854775807.output
8e78b826b0212c5fa2607ab5a459d465 *filecheck_in_N13_Atree_Gdmix_R16_Seed9223372036854775807.output
dfd22a6a9d21a454cc231f89e5bd8b00 *filecheck_in_N1594323_Aloop_Gdmix_R4_Seed9223372036854775807.output
cfd6c7e73ea3572d0d08444bc84cc4fa *filecheck_in_N1594323_Aloop_Gdmix_R8_Seed9223372036854775807.output
26971f30dd82760451196403ca31029d *filecheck_in_N1594323_Aloop_Gdmix_R16_Seed9223372036854775807.output
d1afc0de16ca43d10335982b658018e1 *filecheck_in_N1594323_AloopB256_Gdmix_R4_Seed9223372036854775807.output
939607068a9dd028f964cca3b619d074 *filecheck_in_N1594323_AloopB256_Gdmix_R8_Seed9223372036854775807.output
eb6cbf3b4434f949aa6ce3dd0b13814e *filecheck_in_N1594323_AloopB256_Gdmix_R16_Seed9223372036854775807.output
9c37202949a33d95fdecee347c6820ca *filecheck_in_N24_AfibB8_Gdmix_R4_Seed9223372036854775807.output
51e518ed383b5024bee29cec629a5072 *filecheck_in_N24_AfibB8_Gdmix_R8_Seed9223372036854775807.output
5991c36af7f5a594c6f7157345abbe7c *filecheck_in_N24_AfibB8_Gdmix_R16_Seed9223372036854775807.output
66d1e8e51b9150dbd9c4bcfedb613896 *filecheck_in_N13_Atree_Gdmix_R4_Seed0.output
4e5fea715ad0a1a0c39c9d64d2018c59 *filecheck_in_N13_Atree_Gdmix_R8_Seed0.output
cffceb59a93ca60c4a017de3b9bcc0bd *filecheck_in_N13_Atree_Gdmix_R16_Seed0.output
afcaec5287442e85129d23faa3657946 *filecheck_in_N1594323_Aloop_Gdmix_R4_Seed0.output
356d349b56d7f689bdb5d98e7cd1cca1 *filecheck_in_N1594323_Aloop_Gdmix_R8_Seed0.output
206f89d3c13000da5f1832c0b355b552 *filecheck_in_N1594323_Aloop_Gdmix_R16_Seed0.output
6ffe36f3a973a06ea5d941523664196b *filecheck_in_N1594323_AloopB256_Gdmix_R4_Seed0.output
2eacbd557e610e42f3a5133c02468424 *filecheck_in_N1594323_AloopB256_Gdmix_R8_Seed0.output
d7a6a3cfa95f602fa891c91d113e92d1 *filecheck_in_N1594323_AloopB256_Gdmix_R16_Seed0.output
3dd10b9e1847d7b179e514041b498af6 *filecheck_in_N24_AfibB8_Gdmix_R4_Seed0.output
1b665ab26ca76d94dcbf8d31f491f3ad *filecheck_in_N24_AfibB8_Gdmix_R8_Seed0.output
244a9ea670067faf68d8a57b8a6c2b8b *filecheck_in_N24_AfibB8_Gdmix_R16_Seed0.output
0a21ef0f4dee297ebc23c6549ae2f95f *filecheck_in_N13_Atree_Gdmix_R4_Seed1.output
115a9045e0fdd7ce17c1b3e5ac8a9bbd *filecheck_in_N13_Atree_Gdmix_R8_Seed1.output
d2b4064a9b46a1c267a0163a4d985a30 *filecheck_in_N13_Atree_Gdmix_R16_Seed1.output
7c78e358d1cbcdd42e808c73174b9551 *filecheck_in_N1594323_Aloop_Gdmix_R4_Seed1.output
e35b886f6a0d56fa783c1e6e5f5f5cf2 *filecheck_in_N1594323_Aloop_Gdmix_R8_Seed1.output
fc28706a9bbad8fd82caa7fa784e13f0 *filecheck_in_N1594323_Aloop_Gdmix_R16_Seed1.output
dd2ebe2d5f8e38eb83804c34770f2083 *filecheck_in_N1594323_AloopB256_Gdmix_R4_Seed1.output
b091c439e82f51764fb8a3dec5397d21 *filecheck_in_N1594323_AloopB256_Gdmix_R8_Seed1.output
a51baed931380e3140eeb0421bd24ab7 *filecheck_in_N1594323_AloopB256_Gdmix_R16_Seed1.output
9f95e1d1710724d8114d6e3be3d941d5 *filecheck_in_N24_AfibB8_Gdmix_R4_Seed1.output
d1f3e630bab3023d5deb977c844e549f *filecheck_in_N24_AfibB8_Gdmix_R8_Seed1.output
962e7b354ef2720addaae1a2b39a0c18 *filecheck_in_N24_AfibB8_Gdmix_R16_Seed1.output
e745b7df290dda453b63ce1716a8f61d *filecheck_in_N13_Atree_Gdmix_R4_Seed3.output
15980aeebae850453758aaf7efa0dc9b *filecheck_in_N13_Atree_Gdmix_R8_Seed3.output
4e3d57fbabc179e1c178c4a6c495236f *filecheck_in_N13_Atree_Gdmix_R16_Seed3.output
4a2141dc4e52006cc247fa34434cc012 *filecheck_in_N1594323_Aloop_Gdmix_R4_Seed3.output
ed61143f5ed59be5d5bf43d4be3cb510 *filecheck_in_N1594323_Aloop_Gdmix_R8_Seed3.output
f960a5e19417f0f8803b2d6508489d26 *filecheck_in_N1594323_Aloop_Gdmix_R16_Seed3.output
7d55e96030cfc9552a103be86c1a6f97 *filecheck_in_N1594323_AloopB256_Gdmix_R4_Seed3.output
ce32489c8294d1e458ef0f1e817c659d *filecheck_in_N1594323_AloopB256_Gdmix_R8_Seed3.output
b68c86fc40539efed287baca9fcf421f *filecheck_in_N1594323_AloopB256_Gdmix_R16_Seed3.output
083a5d09b6103d1bc103e8b93ec16269 *filecheck_in_N24_AfibB8_Gdmix_R4_Seed3.output
42faa90f023c273afafa32118e4577f2 *filecheck_in_N24_AfibB8_Gdmix_R8_Seed3.output
fea99d2803bc11b6f664d3671cab4b76 *filecheck_in_N24_AfibB8_Gdmix_R16_Seed3.output
998ea523d497f966ef5be6835356f985 *filecheck_in_N13_Atree_Gdmix_R4_Seed32.output
1158ba56b448947ee2a3e9e16eb7ac22 *filecheck_in_N13_Atree_Gdmix_R8_Seed32.output
c124a6c48d3aff384a2a368d6b6eab3a *filecheck_in_N13_Atree_Gdmix_R16_Seed32.output
b0482e03e9e28251ac66e77f537a41f1 *filecheck_in_N1594323_Aloop_Gdmix_R4_Seed32.output
75a49d0177cfa5d16c35874c29093767 *filecheck_in_N1594323_Aloop_Gdmix_R8_Seed32.output
711c5a544f6e2c1dfed4d71d1b7a47a2 *filecheck_in_N1594323_Aloop_Gdmix_R16_Seed32.output
91184b5be01c7117b497a0d4071c5394 *filecheck_in_N1594323_AloopB256_Gdmix_R4_Seed32.output
e33cdd46564c6c96cf2573146e0ccb98 *filecheck_in_N1594323_AloopB256_Gdmix_R8_Seed32.output
f151322dfd97abbed8f358e78a32fe4e *filecheck_in_N1594323_AloopB256_Gdmix_R16_Seed32.output
f4b097203524c14182fb0709b630899c *filecheck_in_N24_AfibB8_Gdmix_R4_Seed32.output
e123425051a3de25358f4f9a990623cb *filecheck_in_N24_AfibB8_Gdmix_R8_Seed32.output
ccfbe914f8f4c92a2565b4a6117fb78e *filecheck_in_N24_AfibB8_Gdmix_R16_Seed32.output
0faf3dbca3be0cca1294d42f98ff0787 *filecheck_in_N13_Atree_Gdmix_R4_Seed1201.output
a22c20aa67ef5401f3785ce00de91fad *filecheck_in_N13_Atree_Gdmix_R8_Seed1201.output
506ed3fa0f461ec0c2c6502cff3b694b *filecheck_in_N13_Atree_Gdmix_R16_Seed1201.output
1e3a73394adf3b46d3039609a97a64fc *filecheck_in_N1594323_Aloop_Gdmix_R4_Seed1201.output
8315508ae8a75c3819ae0efe30424c67 *filecheck_in_N1594323_Aloop_Gdmix_R8_Seed1201.output
7edab43e28ee4a3ed1c5ab4d800e3d7c *filecheck_in_N1594323_Aloop_Gdmix_R16_Seed1201.output
31c7f3d8e103b61e9c2dbd6fa50f8ccc *filecheck_in_N1594323_AloopB256_Gdmix_R4_Seed1201.output
a66f7a246d662611bf94253008068223 *filecheck_in_N1594323_AloopB256_Gdmix_R8_Seed1201.output
998d91e66239dcd05aca0e569fbefd96 *filecheck_in_N1594323_AloopB256_Gdmix_R16_Seed1201.output
646a38bd3588d0a73c3a6d1f2356b79c *filecheck_in_N24_AfibB8_Gdmix_R4_Seed1201.output
9dfd18dbeb1ca327fd40091b2007b12c *filecheck_in_N24_AfibB8_Gdmix_R8_Seed1201.output
7ea30ab8cb0ed5ea099df72bc8c23817 *filecheck_in_N24_AfibB8_Gdmix_R16_Seed1201.output
