18708 filecheck_in_N13_Atree_Gdmix_R4_Seed651020397607357235.output
18708 filecheck_in_N13_Atree_Gdmix_R8_Seed651020397607357235.output
18708 filecheck_in_N13_Atree_Gdmix_R16_Seed651020397607357235.output
12476 filecheck_in_N1594323_Aloop_Gdmix_R4_Seed651020397607357235.output
12476 filecheck_in_N1594323_Aloop_Gdmix_R8_Seed651020397607357235.output
12476 filecheck_in_N1594323_Aloop_Gdmix_R16_Seed651020397607357235.output
12476 filecheck_in_N1594323_AloopB256_Gdmix_R4_Seed651020397607357235.output
12476 filecheck_in_N1594323_AloopB256_Gdmix_R8_Seed651020397607357235.output
12476 filecheck_in_N1594323_AloopB256_Gdmix_R16_Seed651020397607357235.output
1540 filecheck_in_N24_AfibB8_Gdmix_R4_Seed651020397607357235.output
1540 filecheck_in_N24_AfibB8_Gdmix_R8_Seed651020397607357235.output
1540 filecheck_in_N24_AfibB8_Gdmix_R16_Seed651020397607357235.output
18708 filecheck_in_N13_Atree_Gdmix_R4_Seed10416326361717715772.output
18708 filecheck_in_N13_Atree_Gdmix_R8_Seed10416326361717715772.output
18708 filecheck_in_N13_Atree_Gdmix_R16_Seed10416326361717715772.output
12476 filecheck_in_N1594323_Aloop_Gdmix_R4_Seed10416326361717715772.output
12476 filecheck_in_N1594323_Aloop_Gdmix_R8_Seed10416326361717715772.output
12476 filecheck_in_N1594323_Aloop_Gdmix_R16_Seed10416326361717715772.output
12476 filecheck_in_N1594323_AloopB256_Gdmix_R4_Seed10416326361717715772.output
12476 filecheck_in_N1594323_AloopB256_Gdmix_R8_Seed10416326361717715772.output
12476 filecheck_in_N1594323_AloopB256_Gdmix_R16_Seed10416326361717715772.output
1540 filecheck_in_N24_AfibB8_Gdmix_R4_Seed10416326361717715772.output
1540 filecheck_in_N24_AfibB8_Gdmix_R8_Seed10416326361717715772.output
1540 filecheck_in_N24_AfibB8_Gdmix_R16_Seed10416326361717715772.output
18708 filecheck_in_N13_Atree_Gdmix_R4_Seed2001959028291723867.output
18708 filecheck_in_N13_Atree_Gdmix_R8_Seed2001959028291723867.output
18708 filecheck_in_N13_Atree_Gdmix_R16_Seed2001959028291723867.output
12476 filecheck_in_N1594323_Aloop_Gdmix_R4_Seed2001959028291723867.output
12476 filecheck_in_N1594323_Aloop_Gdmix_R8_Seed2001959028291723867.output
12476 filecheck_in_N1594323_Aloop_Gdmix_R16_Seed2001959028291723867.output
12476 filecheck_in_N1594323_AloopB256_Gdmix_R4_Seed2001959028291723867.output
12476 filecheck_in_N1594323_AloopB256_Gdmix_R8_Seed2001959028291723867.output
12476 filecheck_in_N1594323_AloopB256_Gdmix_R16_Seed2001959028291723867.output
1540 filecheck_in_N24_AfibB8_Gdmix_R4_Seed2001959028291723867.output
1540 filecheck_in_N24_AfibB8_Gdmix_R8_Seed2001959028291723867.output
1540 filecheck_in_N24_AfibB8_Gdmix_R16_Seed2001959028291723867.output
18708 filecheck_in_N13_Atree_Gdmix_R4_Seed3698757827557609530.output
18708 filecheck_in_N13_Atree_Gdmix_R8_Seed3698757827557609530.output
18708 filecheck_in_N13_Atree_Gdmix_R16_Seed3698757827557609530.output
12476 filecheck_in_N1594323_Aloop_Gdmix_R4_Seed3698757827557609530.output
12476 filecheck_in_N1594323_Aloop_Gdmix_R8_Seed3698757827557609530.output
12476 filecheck_in_N1594323_Aloop_Gdmix_R16_Seed3698757827557609530.output
12476 filecheck_in_N1594323_AloopB256_Gdmix_R4_Seed3698757827557609530.output
12476 filecheck_in_N1594323_AloopB256_Gdmix_R8_Seed3698757827557609530.output
12476 filecheck_in_N1594323_AloopB256_Gdmix_R16_Seed3698757827557609530.output
1540 filecheck_in_N24_AfibB8_Gdmix_R4_Seed3698757827557609530.output
1540 filecheck_in_N24_AfibB8_Gdmix_R8_Seed3698757827557609530.output
1540 filecheck_in_N24_AfibB8_Gdmix_R16_Seed3698757827557609530.output
18708 filecheck_in_N13_Atree_Gdmix_R4_Seed4561586318396457410.output
18708 filecheck_in_N13_Atree_Gdmix_R8_Seed4561586318396457410.output
18708 filecheck_in_N13_Atree_Gdmix_R16_Seed4561586318396457410.output
12476 filecheck_in_N1594323_Aloop_Gdmix_R4_Seed4561586318396457410.output
12476 filecheck_in_N1594323_Aloop_Gdmix_R8_Seed4561586318396457410.output
12476 filecheck_in_N1594323_Aloop_Gdmix_R16_Seed4561586318396457410.output
12476 filecheck_in_N1594323_AloopB256_Gdmix_R4_Seed4561586318396457410.output
12476 filecheck_in_N1594323_AloopB256_Gdmix_R8_Seed4561586318396457410.output
12476 filecheck_in_N1594323_AloopB256_Gdmix_R16_Seed4561586318396457410.output
1540 filecheck_in_N24_AfibB8_Gdmix_R4_Seed4561586318396457410.output
1540 filecheck_in_N24_AfibB8_Gdmix_R8_Seed4561586318396457410.output
1540 filecheck_in_N24_AfibB8_Gdmix_R16_Seed4561586318396457410.output
18708 filecheck_in_N13_Atree_Gdmix_R4_Seed9223372036854775807.output
18708 filecheck_in_N13_Atree_Gdmix_R8_Seed9223372036854775807.output
18708 filecheck_in_N13_Atree_Gdmix_R16_Seed9223372036854775807.output
12476 filecheck_in_N1594323_Aloop_Gdmix_R4_Seed9223372036854775807.output
12476 filecheck_in_N1594323_Aloop_Gdmix_R8_Seed9223372036854775807.output
12476 filecheck_in_N1594323_Aloop_Gdmix_R16_Seed9223372036854775807.output
12476 filecheck_in_N1594323_AloopB256_Gdmix_R4_Seed9223372036854775807.output
12476 filecheck_in_N1594323_AloopB256_Gdmix_R8_Seed9223372036854775807.output
12476 filecheck_in_N1594323_AloopB256_Gdmix_R16_Seed9223372036854775807.output
1540 filecheck_in_N24_AfibB8_Gdmix_R4_Seed9223372036854775807.output
1540 filecheck_in_N24_AfibB8_Gdmix_R8_Seed9223372036854775807.output
1540 filecheck_in_N24_AfibB8_Gdmix_R16_Seed9223372036854775807.output
18708 filecheck_in_N13_Atree_Gdmix_R4_Seed0.output
18708 filecheck_in_N13_Atree_Gdmix_R8_Seed0.output
18708 filecheck_in_N13_Atree_Gdmix_R16_Seed0.output
12476 filecheck_in_N1594323_Aloop_Gdmix_R4_Seed0.output
12476 filecheck_in_N1594323_Aloop_Gdmix_R8_Seed0.output
12476 filecheck_in_N1594323_Aloop_Gdmix_R16_Seed0.output
12476 filecheck_in_N1594323_AloopB256_Gdmix_R4_Seed0.output
12476 filecheck_in_N1594323_AloopB256_Gdmix_R8_Seed0.output
12476 filecheck_in_N1594323_AloopB256_Gdmix_R16_Seed0.output
1540 filecheck_in_N24_AfibB8_Gdmix_R4_Seed0.output
1540 filecheck_in_N24_AfibB8_Gdmix_R8_Seed0.output
1540 filecheck_in_N24_AfibB8_Gdmix_R16_Seed0.output
18708 filecheck_in_N13_Atree_Gdmix_R4_Seed1.output
18708 filecheck_in_N13_Atree_Gdmix_R8_Seed1.output
18708 filecheck_in_N13_Atree_Gdmix_R16_Seed1.output
12476 filecheck_in_N1594323_Aloop_Gdmix_R4_Seed1.output
12476 filecheck_in_N1594323_Aloop_Gdmix_R8_Seed1.output
12476 filecheck_in_N1594323_Aloop_Gdmix_R16_Seed1.output
12476 filecheck_in_N1594323_AloopB256_Gdmix_R4_Seed1.output
12476 filecheck_in_N1594323_AloopB256_Gdmix_R8_Seed1.output
12476 filecheck_in_N1594323_AloopB256_Gdmix_R16_Seed1.output
1540 filecheck_in_N24_AfibB8_Gdmix_R4_Seed1.output
1540 filecheck_in_N24_AfibB8_Gdmix_R8_Seed1.output
1540 filecheck_in_N24_AfibB8_Gdmix_R16_Seed1.output
18708 filecheck_in_N13_Atree_Gdmix_R4_Seed3.output
18708 filecheck_in_N13_Atree_Gdmix_R8_Seed3.output
18708 filecheck_in_N13_Atree_Gdmix_R16_Seed3.output
12476 filecheck_in_N1594323_Aloop_Gdmix_R4_Seed3.output
12476 filecheck_in_N1594323_Aloop_Gdmix_R8_Seed3.output
12476 filecheck_in_N1594323_Aloop_Gdmix_R16_Seed3.output
12476 filecheck_in_N1594323_AloopB256_Gdmix_R4_Seed3.output
12476 filecheck_in_N1594323_AloopB256_Gdmix_R8_Seed3.output
12476 filecheck_in_N1594323_AloopB256_Gdmix_R16_Seed3.output
1540 filecheck_in_N24_AfibB8_Gdmix_R4_Seed3.output
1540 filecheck_in_N24_AfibB8_Gdmix_R8_Seed3.output
1540 filecheck_in_N24_AfibB8_Gdmix_R16_Seed3.output
18708 filecheck_in_N13_Atree_Gdmix_R4_Seed32.output
18708 filecheck_in_N13_Atree_Gdmix_R8_Seed32.output
18708 filecheck_in_N13_Atree_Gdmix_R16_Seed32.output
12476 filecheck_in_N1594323_Aloop_Gdmix_R4_Seed32.output
12476 filecheck_in_N1594323_Aloop_Gdmix_R8_Seed32.output
12476 filecheck_in_N1594323_Aloop_Gdmix_R16_Seed32.output
12476 filecheck_in_N1594323_AloopB256_Gdmix_R4_Seed32.output
12476 filecheck_in_N1594323_AloopB256_Gdmix_R8_Seed32.output
12476 filecheck_in_N1594323_AloopB256_Gdmix_R16_Seed32.output
1540 filecheck_in_N24_AfibB8_Gdmix_R4_Seed32.output
1540 filecheck_in_N24_AfibB8_Gdmix_R8_Seed32.output
1540 filecheck_in_N24_AfibB8_Gdmix_R16_Seed32.output
18708 filecheck_in_N13_Atree_Gdmix_R4_Seed1201.output
18708 filecheck_in_N13_Atree_Gdmix_R8_Seed1201.output
18708 filecheck_in_N13_Atree_Gdmix_R16_Seed1201.output
12476 filecheck_in_N1594323_Aloop_Gdmix_R4_Seed1201.output
12476 filecheck_in_N1594323_Aloop_Gdmix_R8_Seed1201.output
12476 filecheck_in_N1594323_Aloop_Gdmix_R16_Seed1201.output
12476 filecheck_in_N1594323_AloopB256_Gdmix_R4_Seed1201.output
12476 filecheck_in_N1594323_AloopB256_Gdmix_R8_Seed1201.output
12476 filecheck_in_N1594323_AloopB256_Gdmix_R16_Seed1201.output
1540 filecheck_in_N24_AfibB8_Gdmix_R4_Seed1201.output
1540 filecheck_in_N24_AfibB8_Gdmix_R8_Seed1201.output
1540 filecheck_in_N24_AfibB8_Gdmix_R16_Seed1201.output
18708 filecheck_in_N13_Atree_GdmixPrime_R4_Seed651020397607357235.output
18708 filecheck_in_N13_Atree_GdmixPrime_R8_Seed651020397607357235.output
18708 filecheck_in_N13_Atree_GdmixPrime_R16_Seed651020397607357235.output
12476 filecheck_in_N1594323_Aloop_GdmixPrime_R4_Seed651020397607357235.output
12476 filecheck_in_N1594323_Aloop_GdmixPrime_R8_Seed651020397607357235.output
12476 filecheck_in_N1594323_Aloop_GdmixPrime_R16_Seed651020397607357235.output
12476 filecheck_in_N1594323_AloopB256_GdmixPrime_R4_Seed651020397607357235.output
12476 filecheck_in_N1594323_AloopB256_GdmixPrime_R8_Seed651020397607357235.output
12476 filecheck_in_N1594323_AloopB256_GdmixPrime_R16_Seed651020397607357235.output
1540 filecheck_in_N24_AfibB8_GdmixPrime_R4_Seed651020397607357235.output
1540 filecheck_in_N24_AfibB8_GdmixPrime_R8_Seed651020397607357235.output
1540 filecheck_in_N24_AfibB8_GdmixPrime_R16_Seed651020397607357235.output
18708 filecheck_in_N13_Atree_GdmixPrime_R4_Seed10416326361717715772.output
18708 filecheck_in_N13_Atree_GdmixPrime_R8_Seed10416326361717715772.output
18708 filecheck_in_N13_Atree_GdmixPrime_R16_Seed10416326361717715772.output
12476 filecheck_in_N1594323_Aloop_GdmixPrime_R4_Seed10416326361717715772.output
12476 filecheck_in_N1594323_Aloop_GdmixPrime_R8_Seed10416326361717715772.output
12476 filecheck_in_N1594323_Aloop_GdmixPrime_R16_Seed10416326361717715772.output
12476 filecheck_in_N1594323_AloopB256_GdmixPrime_R4_Seed10416326361717715772.output
12476 filecheck_in_N1594323_AloopB256_GdmixPrime_R8_Seed10416326361717715772.output
12476 filecheck_in_N1594323_AloopB256_GdmixPrime_R16_Seed10416326361717715772.output
1540 filecheck_in_N24_AfibB8_GdmixPrime_R4_Seed10416326361717715772.output
1540 filecheck_in_N24_AfibB8_GdmixPrime_R8_Seed10416326361717715772.output
1540 filecheck_in_N24_AfibB8_GdmixPrime_R16_Seed10416326361717715772.output
18708 filecheck_in_N13_Atree_GdmixPrime_R4_Seed2001959028291723867.output
18708 filecheck_in_N13_Atree_GdmixPrime_R8_Seed2001959028291723867.output
18708 filecheck_in_N13_Atree_GdmixPrime_R16_Seed2001959028291723867.output
12476 filecheck_in_N1594323_Aloop_GdmixPrime_R4_Seed2001959028291723867.output
12476 filecheck_in_N1594323_Aloop_GdmixPrime_R8_Seed2001959028291723867.output
12476 filecheck_in_N1594323_Aloop_GdmixPrime_R16_Seed2001959028291723867.output
12476 filecheck_in_N1594323_AloopB256_GdmixPrime_R4_Seed2001959028291723867.output
12476 filecheck_in_N1594323_AloopB256_GdmixPrime_R8_Seed2001959028291723867.output
12476 filecheck_in_N1594323_AloopB256_GdmixPrime_R16_Seed2001959028291723867.output
1540 filecheck_in_N24_AfibB8_GdmixPrime_R4_Seed2001959028291723867.output
1540 filecheck_in_N24_AfibB8_GdmixPrime_R8_Seed2001959028291723867.output
1540 filecheck_in_N24_AfibB8_GdmixPrime_R16_Seed2001959028291723867.output
18708 filecheck_in_N13_Atree_GdmixPrime_R4_Seed3698757827557609530.output
18708 filecheck_in_N13_Atree_GdmixPrime_R8_Seed3698757827557609530.output
18708 filecheck_in_N13_Atree_GdmixPrime_R16_Seed3698757827557609530.output
12476 filecheck_in_N1594323_Aloop_GdmixPrime_R4_Seed3698757827557609530.output
12476 filecheck_in_N1594323_Aloop_GdmixPrime_R8_Seed3698757827557609530.output
12476 filecheck_in_N1594323_Aloop_GdmixPrime_R16_Seed3698757827557609530.output
12476 filecheck_in_N1594323_AloopB256_GdmixPrime_R4_Seed3698757827557609530.output
12476 filecheck_in_N1594323_AloopB256_GdmixPrime_R8_Seed3698757827557609530.output
12476 filecheck_in_N1594323_AloopB256_GdmixPrime_R16_Seed3698757827557609530.output
1540 filecheck_in_N24_AfibB8_GdmixPrime_R4_Seed3698757827557609530.output
1540 filecheck_in_N24_AfibB8_GdmixPrime_R8_Seed3698757827557609530.output
1540 filecheck_in_N24_AfibB8_GdmixPrime_R16_Seed3698757827557609530.output
18708 filecheck_in_N13_Atree_GdmixPrime_R4_Seed4561586318396457410.output
18708 filecheck_in_N13_Atree_GdmixPrime_R8_Seed4561586318396457410.output
18708 filecheck_in_N13_Atree_GdmixPrime_R16_Seed4561586318396457410.output
12476 filecheck_in_N1594323_Aloop_GdmixPrime_R4_Seed4561586318396457410.output
12476 filecheck_in_N1594323_Aloop_GdmixPrime_R8_Seed4561586318396457410.output
12476 filecheck_in_N1594323_Aloop_GdmixPrime_R16_Seed4561586318396457410.output
12476 filecheck_in_N1594323_AloopB256_GdmixPrime_R4_Seed4561586318396457410.output
12476 filecheck_in_N1594323_AloopB256_GdmixPrime_R8_Seed4561586318396457410.output
12476 filecheck_in_N1594323_AloopB256_GdmixPrime_R16_Seed4561586318396457410.output
1540 filecheck_in_N24_AfibB8_GdmixPrime_R4_Seed4561586318396457410.output
1540 filecheck_in_N24_AfibB8_GdmixPrime_R8_Seed4561586318396457410.output
1540 filecheck_in_N24_AfibB8_GdmixPrime_R16_Seed4561586318396457410.output
18708 filecheck_in_N13_Atree_GdmixPrime_R4_Seed9223372036854775807.output
18708 filecheck_in_N13_Atree_GdmixPrime_R8_Seed9223372036854775807.output
18708 filecheck_in_N13_Atree_GdmixPrime_R16_Seed9223372036854775807.output
12476 filecheck_in_N1594323_Aloop_GdmixPrime_R4_Seed9223372036854775807.output
12476 filecheck_in_N1594323_Aloop_GdmixPrime_R8_Seed9223372036854775807.output
12476 filecheck_in_N1594323_Aloop_GdmixPrime_R16_Seed9223372036854775807.output
12476 filecheck_in_N1594323_AloopB256_GdmixPrime_R4_Seed9223372036854775807.output
12476 filecheck_in_N1594323_AloopB256_GdmixPrime_R8_Seed9223372036854775807.output
12476 filecheck_in_N1594323_AloopB256_GdmixPrime_R16_Seed9223372036854775807.output
1540 filecheck_in_N24_AfibB8_GdmixPrime_R4_Seed9223372036854775807.output
1540 filecheck_in_N24_AfibB8_GdmixPrime_R8_Seed9223372036854775807.output
1540 filecheck_in_N24_AfibB8_GdmixPrime_R16_Seed9223372036854775807.output
18708 filecheck_in_N13_Atree_GdmixPrime_R4_Seed0.output
18708 filecheck_in_N13_Atree_GdmixPrime_R8_Seed0.output
18708 filecheck_in_N13_Atree_GdmixPrime_R16_Seed0.output
12476 filecheck_in_N1594323_Aloop_GdmixPrime_R4_Seed0.output
12476 filecheck_in_N1594323_Aloop_GdmixPrime_R8_Seed0.output
12476 filecheck_in_N1594323_Aloop_GdmixPrime_R16_Seed0.output
12476 filecheck_in_N1594323_AloopB256_GdmixPrime_R4_Seed0.output
12476 filecheck_in_N1594323_AloopB256_GdmixPrime_R8_Seed0.output
12476 filecheck_in_N1594323_AloopB256_GdmixPrime_R16_Seed0.output
1540 filecheck_in_N24_AfibB8_GdmixPrime_R4_Seed0.output
1540 filecheck_in_N24_AfibB8_GdmixPrime_R8_Seed0.output
1540 filecheck_in_N24_AfibB8_GdmixPrime_R16_Seed0.output
18708 filecheck_in_N13_Atree_GdmixPrime_R4_Seed1.output
18708 filecheck_in_N13_Atree_GdmixPrime_R8_Seed1.output
18708 filecheck_in_N13_Atree_GdmixPrime_R16_Seed1.output
12476 filecheck_in_N1594323_Aloop_GdmixPrime_R4_Seed1.output
12476 filecheck_in_N1594323_Aloop_GdmixPrime_R8_Seed1.output
12476 filecheck_in_N1594323_Aloop_GdmixPrime_R16_Seed1.output
12476 filecheck_in_N1594323_AloopB256_GdmixPrime_R4_Seed1.output
12476 filecheck_in_N1594323_AloopB256_GdmixPrime_R8_Seed1.output
12476 filecheck_in_N1594323_AloopB256_GdmixPrime_R16_Seed1.output
1540 filecheck_in_N24_AfibB8_GdmixPrime_R4_Seed1.output
1540 filecheck_in_N24_AfibB8_GdmixPrime_R8_Seed1.output
1540 filecheck_in_N24_AfibB8_GdmixPrime_R16_Seed1.output
18708 filecheck_in_N13_Atree_GdmixPrime_R4_Seed3.output
18708 filecheck_in_N13_Atree_GdmixPrime_R8_Seed3.output
18708 filecheck_in_N13_Atree_GdmixPrime_R16_Seed3.output
12476 filecheck_in_N1594323_Aloop_GdmixPrime_R4_Seed3.output
12476 filecheck_in_N1594323_Aloop_GdmixPrime_R8_Seed3.output
12476 filecheck_in_N1594323_Aloop_GdmixPrime_R16_Seed3.output
12476 filecheck_in_N1594323_AloopB256_GdmixPrime_R4_Seed3.output
12476 filecheck_in_N1594323_AloopB256_GdmixPrime_R8_Seed3.output
12476 filecheck_in_N1594323_AloopB256_GdmixPrime_R16_Seed3.output
1540 filecheck_in_N24_AfibB8_GdmixPrime_R4_Seed3.output
1540 filecheck_in_N24_AfibB8_GdmixPrime_R8_Seed3.output
1540 filecheck_in_N24_AfibB8_GdmixPrime_R16_Seed3.output
18708 filecheck_in_N13_Atree_GdmixPrime_R4_Seed32.output
18708 filecheck_in_N13_Atree_GdmixPrime_R8_Seed32.output
18708 filecheck_in_N13_Atree_GdmixPrime_R16_Seed32.output
12476 filecheck_in_N1594323_Aloop_GdmixPrime_R4_Seed32.output
12476 filecheck_in_N1594323_Aloop_GdmixPrime_R8_Seed32.output
12476 filecheck_in_N1594323_Aloop_GdmixPrime_R16_Seed32.output
12476 filecheck_in_N1594323_AloopB256_GdmixPrime_R4_Seed32.output
12476 filecheck_in_N1594323_AloopB256_GdmixPrime_R8_Seed32.output
12476 filecheck_in_N1594323_AloopB256_GdmixPrime_R16_Seed32.output
1540 filecheck_in_N24_AfibB8_GdmixPrime_R4_Seed32.output
1540 filecheck_in_N24_AfibB8_GdmixPrime_R8_Seed32.output
1540 filecheck_in_N24_AfibB8_GdmixPrime_R16_Seed32.output
18708 filecheck_in_N13_Atree_GdmixPrime_R4_Seed1201.output
18708 filecheck_in_N13_Atree_GdmixPrime_R8_Seed1201.output
18708 filecheck_in_N13_Atree_GdmixPrime_R16_Seed1201.output
12476 filecheck_in_N1594323_Aloop_GdmixPrime_R4_Seed1201.output
12476 filecheck_in_N1594323_Aloop_GdmixPrime_R8_Seed1201.output
12476 filecheck_in_N1594323_Aloop_GdmixPrime_R16_Seed1201.output
12476 filecheck_in_N1594323_AloopB256_GdmixPrime_R4_Seed1201.output
12476 filecheck_in_N1594323_AloopB256_GdmixPrime_R8_Seed1201.output
12476 filecheck_in_N1594323_AloopB256_GdmixPrime_R16_Seed1201.output
1540 filecheck_in_N24_AfibB8_GdmixPrime_R4_Seed1201.output
1540 filecheck_in_N24_AfibB8_GdmixPrime_R8_Seed1201.output
1540 filecheck_in_N24_AfibB8_GdmixPrime_R16_Seed1201.output
18708 filecheck_in_N13_Atree_Gfdmix_R4_Seed651020397607357235.output
18708 filecheck_in_N13_Atree_Gfdmix_R8_Seed651020397607357235.output
18708 filecheck_in_N13_Atree_Gfdmix_R16_Seed651020397607357235.output
12476 filecheck_in_N1594323_Aloop_Gfdmix_R4_Seed651020397607357235.output
12476 filecheck_in_N1594323_Aloop_Gfdmix_R8_Seed651020397607357235.output
12476 filecheck_in_N1594323_Aloop_Gfdmix_R16_Seed651020397607357235.output
12476 filecheck_in_N1594323_AloopB256_Gfdmix_R4_Seed651020397607357235.output
12476 filecheck_in_N1594323_AloopB256_Gfdmix_R8_Seed651020397607357235.output
12476 filecheck_in_N1594323_AloopB256_Gfdmix_R16_Seed651020397607357235.output
1540 filecheck_in_N24_AfibB8_Gfdmix_R4_Seed651020397607357235.output
1540 filecheck_in_N24_AfibB8_Gfdmix_R8_Seed651020397607357235.output
1540 filecheck_in_N24_AfibB8_Gfdmix_R16_Seed651020397607357235.output
18708 filecheck_in_N13_Atree_Gfdmix_R4_Seed10416326361717715772.output
18708 filecheck_in_N13_Atree_Gfdmix_R8_Seed10416326361717715772.output
18708 filecheck_in_N13_Atree_Gfdmix_R16_Seed10416326361717715772.output
12476 filecheck_in_N1594323_Aloop_Gfdmix_R4_Seed10416326361717715772.output
12476 filecheck_in_N1594323_Aloop_Gfdmix_R8_Seed10416326361717715772.output
12476 filecheck_in_N1594323_Aloop_Gfdmix_R16_Seed10416326361717715772.output
12476 filecheck_in_N1594323_AloopB256_Gfdmix_R4_Seed10416326361717715772.output
12476 filecheck_in_N1594323_AloopB256_Gfdmix_R8_Seed10416326361717715772.output
12476 filecheck_in_N1594323_AloopB256_Gfdmix_R16_Seed10416326361717715772.output
1540 filecheck_in_N24_AfibB8_Gfdmix_R4_Seed10416326361717715772.output
1540 filecheck_in_N24_AfibB8_Gfdmix_R8_Seed10416326361717715772.output
1540 filecheck_in_N24_AfibB8_Gfdmix_R16_Seed10416326361717715772.output
18708 filecheck_in_N13_Atree_Gfdmix_R4_Seed2001959028291723867.output
18708 filecheck_in_N13_Atree_Gfdmix_R8_Seed2001959028291723867.output
18708 filecheck_in_N13_Atree_Gfdmix_R16_Seed2001959028291723867.output
12476 filecheck_in_N1594323_Aloop_Gfdmix_R4_Seed2001959028291723867.output
12476 filecheck_in_N1594323_Aloop_Gfdmix_R8_Seed2001959028291723867.output
12476 filecheck_in_N1594323_Aloop_Gfdmix_R16_Seed2001959028291723867.output
12476 filecheck_in_N1594323_AloopB256_Gfdmix_R4_Seed2001959028291723867.output
12476 filecheck_in_N1594323_AloopB256_Gfdmix_R8_Seed2001959028291723867.output
12476 filecheck_in_N1594323_AloopB256_Gfdmix_R16_Seed2001959028291723867.output
1540 filecheck_in_N24_AfibB8_Gfdmix_R4_Seed2001959028291723867.output
1540 filecheck_in_N24_AfibB8_Gfdmix_R8_Seed2001959028291723867.output
1540 filecheck_in_N24_AfibB8_Gfdmix_R16_Seed2001959028291723867.output
18708 filecheck_in_N13_Atree_Gfdmix_R4_Seed3698757827557609530.output
18708 filecheck_in_N13_Atree_Gfdmix_R8_Seed3698757827557609530.output
18708 filecheck_in_N13_Atree_Gfdmix_R16_Seed3698757827557609530.output
12476 filecheck_in_N1594323_Aloop_Gfdmix_R4_Seed3698757827557609530.output
12476 filecheck_in_N1594323_Aloop_Gfdmix_R8_Seed3698757827557609530.output
12476 filecheck_in_N1594323_Aloop_Gfdmix_R16_Seed3698757827557609530.output
12476 filecheck_in_N1594323_AloopB256_Gfdmix_R4_Seed3698757827557609530.output
12476 filecheck_in_N1594323_AloopB256_Gfdmix_R8_Seed3698757827557609530.output
12476 filecheck_in_N1594323_AloopB256_Gfdmix_R16_Seed3698757827557609530.output
1540 filecheck_in_N24_AfibB8_Gfdmix_R4_Seed3698757827557609530.output
1540 filecheck_in_N24_AfibB8_Gfdmix_R8_Seed3698757827557609530.output
1540 filecheck_in_N24_AfibB8_Gfdmix_R16_Seed3698757827557609530.output
18708 filecheck_in_N13_Atree_Gfdmix_R4_Seed4561586318396457410.output
18708 filecheck_in_N13_Atree_Gfdmix_R8_Seed4561586318396457410.output
18708 filecheck_in_N13_Atree_Gfdmix_R16_Seed4561586318396457410.output
12476 filecheck_in_N1594323_Aloop_Gfdmix_R4_Seed4561586318396457410.output
12476 filecheck_in_N1594323_Aloop_Gfdmix_R8_Seed4561586318396457410.output
12476 filecheck_in_N1594323_Aloop_Gfdmix_R16_Seed4561586318396457410.output
12476 filecheck_in_N1594323_AloopB256_Gfdmix_R4_Seed4561586318396457410.output
12476 filecheck_in_N1594323_AloopB256_Gfdmix_R8_Seed4561586318396457410.output
12476 filecheck_in_N1594323_AloopB256_Gfdmix_R16_Seed4561586318396457410.output
1540 filecheck_in_N24_AfibB8_Gfdmix_R4_Seed4561586318396457410.output
1540 filecheck_in_N24_AfibB8_Gfdmix_R8_Seed4561586318396457410.output
1540 filecheck_in_N24_AfibB8_Gfdmix_R16_Seed4561586318396457410.output
18708 filecheck_in_N13_Atree_Gfdmix_R4_Seed9223372036854775807.output
18708 filecheck_in_N13_Atree_Gfdmix_R8_Seed9223372036854775807.output
18708 filecheck_in_N13_Atree_Gfdmix_R16_Seed9223372036854775807.output
12476 filecheck_in_N1594323_Aloop_Gfdmix_R4_Seed9223372036854775807.output
12476 filecheck_in_N1594323_Aloop_Gfdmix_R8_Seed9223372036854775807.output
12476 filecheck_in_N1594323_Aloop_Gfdmix_R16_Seed9223372036854775807.output
12476 filecheck_in_N1594323_AloopB256_Gfdmix_R4_Seed9223372036854775807.output
12476 filecheck_in_N1594323_AloopB256_Gfdmix_R8_Seed9223372036854775807.output
12476 filecheck_in_N1594323_AloopB256_Gfdmix_R16_Seed9223372036854775807.output
1540 filecheck_in_N24_AfibB8_Gfdmix_R4_Seed9223372036854775807.output
1540 filecheck_in_N24_AfibB8_Gfdmix_R8_Seed9223372036854775807.output
1540 filecheck_in_N24_AfibB8_Gfdmix_R16_Seed9223372036854775807.output
18708 filecheck_in_N13_Atree_Gfdmix_R4_Seed0.output
18708 filecheck_in_N13_Atree_Gfdmix_R8_Seed0.output
18708 filecheck_in_N13_Atree_Gfdmix_R16_Seed0.output
12476 filecheck_in_N1594323_Aloop_Gfdmix_R4_Seed0.output
12476 filecheck_in_N1594323_Aloop_Gfdmix_R8_Seed0.output
12476 filecheck_in_N1594323_Aloop_Gfdmix_R16_Seed0.output
12476 filecheck_in_N1594323_AloopB256_Gfdmix_R4_Seed0.output
12476 filecheck_in_N1594323_AloopB256_Gfdmix_R8_Seed0.output
12476 filecheck_in_N1594323_AloopB256_Gfdmix_R16_Seed0.output
1540 filecheck_in_N24_AfibB8_Gfdmix_R4_Seed0.output
1540 filecheck_in_N24_AfibB8_Gfdmix_R8_Seed0.output
1540 filecheck_in_N24_AfibB8_Gfdmix_R16_Seed0.output
18708 filecheck_in_N13_Atree_Gfdmix_R4_Seed1.output
18708 filecheck_in_N13_Atree_Gfdmix_R8_Seed1.output
18708 filecheck_in_N13_Atree_Gfdmix_R16_Seed1.output
12476 filecheck_in_N1594323_Aloop_Gfdmix_R4_Seed1.output
12476 filecheck_in_N1594323_Aloop_Gfdmix_R8_Seed1.output
12476 filecheck_in_N1594323_Aloop_Gfdmix_R16_Seed1.output
12476 filecheck_in_N1594323_AloopB256_Gfdmix_R4_Seed1.output
12476 filecheck_in_N1594323_AloopB256_Gfdmix_R8_Seed1.output
12476 filecheck_in_N1594323_AloopB256_Gfdmix_R16_Seed1.output
1540 filecheck_in_N24_AfibB8_Gfdmix_R4_Seed1.output
1540 filecheck_in_N24_AfibB8_Gfdmix_R8_Seed1.output
1540 filecheck_in_N24_AfibB8_Gfdmix_R16_Seed1.output
18708 filecheck_in_N13_Atree_Gfdmix_R4_Seed3.output
18708 filecheck_in_N13_Atree_Gfdmix_R8_Seed3.output
18708 filecheck_in_N13_Atree_Gfdmix_R16_Seed3.output
12476 filecheck_in_N1594323_Aloop_Gfdmix_R4_Seed3.output
12476 filecheck_in_N1594323_Aloop_Gfdmix_R8_Seed3.output
12476 filecheck_in_N1594323_Aloop_Gfdmix_R16_Seed3.output
12476 filecheck_in_N1594323_AloopB256_Gfdmix_R4_Seed3.output
12476 filecheck_in_N1594323_AloopB256_Gfdmix_R8_Seed3.output
12476 filecheck_in_N1594323_AloopB256_Gfdmix_R16_Seed3.output
1540 filecheck_in_N24_AfibB8_Gfdmix_R4_Seed3.output
1540 filecheck_in_N24_AfibB8_Gfdmix_R8_Seed3.output
1540 filecheck_in_N24_AfibB8_Gfdmix_R16_Seed3.output
18708 filecheck_in_N13_Atree_Gfdmix_R4_Seed32.output
18708 filecheck_in_N13_Atree_Gfdmix_R8_Seed32.output
18708 filecheck_in_N13_Atree_Gfdmix_R16_Seed32.output
12476 filecheck_in_N1594323_Aloop_Gfdmix_R4_Seed32.output
12476 filecheck_in_N1594323_Aloop_Gfdmix_R8_Seed32.output
12476 filecheck_in_N1594323_Aloop_Gfdmix_R16_Seed32.output
12476 filecheck_in_N1594323_AloopB256_Gfdmix_R4_Seed32.output
12476 filecheck_in_N1594323_AloopB256_Gfdmix_R8_Seed32.output
12476 filecheck_in_N1594323_AloopB256_Gfdmix_R16_Seed32.output
1540 filecheck_in_N24_AfibB8_Gfdmix_R4_Seed32.output
1540 filecheck_in_N24_AfibB8_Gfdmix_R8_Seed32.output
1540 filecheck_in_N24_AfibB8_Gfdmix_R16_Seed32.output
18708 filecheck_in_N13_Atree_Gfdmix_R4_Seed1201.output
18708 filecheck_in_N13_Atree_Gfdmix_R8_Seed1201.output
18708 filecheck_in_N13_Atree_Gfdmix_R16_Seed1201.output
12476 filecheck_in_N1594323_Aloop_Gfdmix_R4_Seed1201.output
12476 filecheck_in_N1594323_Aloop_Gfdmix_R8_Seed1201.output
12476 filecheck_in_N1594323_Aloop_Gfdmix_R16_Seed1201.output
12476 filecheck_in_N1594323_AloopB256_Gfdmix_R4_Seed1201.output
12476 filecheck_in_N1594323_AloopB256_Gfdmix_R8_Seed1201.output
12476 filecheck_in_N1594323_AloopB256_Gfdmix_R16_Seed1201.output
1540 filecheck_in_N24_AfibB8_Gfdmix_R4_Seed1201.output
1540 filecheck_in_N24_AfibB8_Gfdmix_R8_Seed1201.output
1540 filecheck_in_N24_AfibB8_Gfdmix_R16_Seed1201.output
18708 filecheck_in_N13_Atree_GfdmixPrime_R4_Seed651020397607357235.output
18708 filecheck_in_N13_Atree_GfdmixPrime_R8_Seed651020397607357235.output
18708 filecheck_in_N13_Atree_GfdmixPrime_R16_Seed651020397607357235.output
12476 filecheck_in_N1594323_Aloop_GfdmixPrime_R4_Seed651020397607357235.output
12476 filecheck_in_N1594323_Aloop_GfdmixPrime_R8_Seed651020397607357235.output
12476 filecheck_in_N1594323_Aloop_GfdmixPrime_R16_Seed651020397607357235.output
12476 filecheck_in_N1594323_AloopB256_GfdmixPrime_R4_Seed651020397607357235.output
12476 filecheck_in_N1594323_AloopB256_GfdmixPrime_R8_Seed651020397607357235.output
12476 filecheck_in_N1594323_AloopB256_GfdmixPrime_R16_Seed651020397607357235.output
1540 filecheck_in_N24_AfibB8_GfdmixPrime_R4_Seed651020397607357235.output
1540 filecheck_in_N24_AfibB8_GfdmixPrime_R8_Seed651020397607357235.output
1540 filecheck_in_N24_AfibB8_GfdmixPrime_R16_Seed651020397607357235.output
18708 filecheck_in_N13_Atree_GfdmixPrime_R4_Seed10416326361717715772.output
18708 filecheck_in_N13_Atree_GfdmixPrime_R8_Seed10416326361717715772.output
18708 filecheck_in_N13_Atree_GfdmixPrime_R16_Seed10416326361717715772.output
12476 filecheck_in_N1594323_Aloop_GfdmixPrime_R4_Seed10416326361717715772.output
12476 filecheck_in_N1594323_Aloop_GfdmixPrime_R8_Seed10416326361717715772.output
12476 filecheck_in_N1594323_Aloop_GfdmixPrime_R16_Seed10416326361717715772.output
12476 filecheck_in_N1594323_AloopB256_GfdmixPrime_R4_Seed10416326361717715772.output
12476 filecheck_in_N1594323_AloopB256_GfdmixPrime_R8_Seed10416326361717715772.output
12476 filecheck_in_N1594323_AloopB256_GfdmixPrime_R16_Seed10416326361717715772.output
1540 filecheck_in_N24_AfibB8_GfdmixPrime_R4_Seed10416326361717715772.output
1540 filecheck_in_N24_AfibB8_GfdmixPrime_R8_Seed10416326361717715772.output
1540 filecheck_in_N24_AfibB8_GfdmixPrime_R16_Seed10416326361717715772.output
18708 filecheck_in_N13_Atree_GfdmixPrime_R4_Seed2001959028291723867.output
18708 filecheck_in_N13_Atree_GfdmixPrime_R8_Seed2001959028291723867.output
18708 filecheck_in_N13_Atree_GfdmixPrime_R16_Seed2001959028291723867.output
12476 filecheck_in_N1594323_Aloop_GfdmixPrime_R4_Seed2001959028291723867.output
12476 filecheck_in_N1594323_Aloop_GfdmixPrime_R8_Seed2001959028291723867.output
12476 filecheck_in_N1594323_Aloop_GfdmixPrime_R16_Seed2001959028291723867.output
12476 filecheck_in_N1594323_AloopB256_GfdmixPrime_R4_Seed2001959028291723867.output
12476 filecheck_in_N1594323_AloopB256_GfdmixPrime_R8_Seed2001959028291723867.output
12476 filecheck_in_N1594323_AloopB256_GfdmixPrime_R16_Seed2001959028291723867.output
1540 filecheck_in_N24_AfibB8_GfdmixPrime_R4_Seed2001959028291723867.output
1540 filecheck_in_N24_AfibB8_GfdmixPrime_R8_Seed2001959028291723867.output
1540 filecheck_in_N24_AfibB8_GfdmixPrime_R16_Seed2001959028291723867.output
18708 filecheck_in_N13_Atree_GfdmixPrime_R4_Seed3698757827557609530.output
18708 filecheck_in_N13_Atree_GfdmixPrime_R8_Seed3698757827557609530.output
18708 filecheck_in_N13_Atree_GfdmixPrime_R16_Seed3698757827557609530.output
12476 filecheck_in_N1594323_Aloop_GfdmixPrime_R4_Seed3698757827557609530.output
12476 filecheck_in_N1594323_Aloop_GfdmixPrime_R8_Seed3698757827557609530.output
12476 filecheck_in_N1594323_Aloop_GfdmixPrime_R16_Seed3698757827557609530.output
12476 filecheck_in_N1594323_AloopB256_GfdmixPrime_R4_Seed3698757827557609530.output
12476 filecheck_in_N1594323_AloopB256_GfdmixPrime_R8_Seed3698757827557609530.output
12476 filecheck_in_N1594323_AloopB256_GfdmixPrime_R16_Seed3698757827557609530.output
1540 filecheck_in_N24_AfibB8_GfdmixPrime_R4_Seed3698757827557609530.output
1540 filecheck_in_N24_AfibB8_GfdmixPrime_R8_Seed3698757827557609530.output
1540 filecheck_in_N24_AfibB8_GfdmixPrime_R16_Seed3698757827557609530.output
18708 filecheck_in_N13_Atree_GfdmixPrime_R4_Seed4561586318396457410.output
18708 filecheck_in_N13_Atree_GfdmixPrime_R8_Seed4561586318396457410.output
18708 filecheck_in_N13_Atree_GfdmixPrime_R16_Seed4561586318396457410.output
12476 filecheck_in_N1594323_Aloop_GfdmixPrime_R4_Seed4561586318396457410.output
12476 filecheck_in_N1594323_Aloop_GfdmixPrime_R8_Seed4561586318396457410.output
12476 filecheck_in_N1594323_Aloop_GfdmixPrime_R16_Seed4561586318396457410.output
12476 filecheck_in_N1594323_AloopB256_GfdmixPrime_R4_Seed4561586318396457410.output
12476 filecheck_in_N1594323_AloopB256_GfdmixPrime_R8_Seed4561586318396457410.output
12476 filecheck_in_N1594323_AloopB256_GfdmixPrime_R16_Seed4561586318396457410.output
1540 filecheck_in_N24_AfibB8_GfdmixPrime_R4_Seed4561586318396457410.output
1540 filecheck_in_N24_AfibB8_GfdmixPrime_R8_Seed4561586318396457410.output
1540 filecheck_in_N24_AfibB8_GfdmixPrime_R16_Seed4561586318396457410.output
18708 filecheck_in_N13_Atree_GfdmixPrime_R4_Seed9223372036854775807.output
18708 filecheck_in_N13_Atree_GfdmixPrime_R8_Seed9223372036854775807.output
18708 filecheck_in_N13_Atree_GfdmixPrime_R16_Seed9223372036854775807.output
12476 filecheck_in_N1594323_Aloop_GfdmixPrime_R4_Seed9223372036854775807.output
12476 filecheck_in_N1594323_Aloop_GfdmixPrime_R8_Seed9223372036854775807.output
12476 filecheck_in_N1594323_Aloop_GfdmixPrime_R16_Seed9223372036854775807.output
12476 filecheck_in_N1594323_AloopB256_GfdmixPrime_R4_Seed9223372036854775807.output
12476 filecheck_in_N1594323_AloopB256_GfdmixPrime_R8_Seed9223372036854775807.output
12476 filecheck_in_N1594323_AloopB256_GfdmixPrime_R16_Seed9223372036854775807.output
1540 filecheck_in_N24_AfibB8_GfdmixPrime_R4_Seed9223372036854775807.output
1540 filecheck_in_N24_AfibB8_GfdmixPrime_R8_Seed9223372036854775807.output
1540 filecheck_in_N24_AfibB8_GfdmixPrime_R16_Seed9223372036854775807.output
18708 filecheck_in_N13_Atree_GfdmixPrime_R4_Seed0.output
18708 filecheck_in_N13_Atree_GfdmixPrime_R8_Seed0.output
18708 filecheck_in_N13_Atree_GfdmixPrime_R16_Seed0.output
12476 filecheck_in_N1594323_Aloop_GfdmixPrime_R4_Seed0.output
12476 filecheck_in_N1594323_Aloop_GfdmixPrime_R8_Seed0.output
12476 filecheck_in_N1594323_Aloop_GfdmixPrime_R16_Seed0.output
12476 filecheck_in_N1594323_AloopB256_GfdmixPrime_R4_Seed0.output
12476 filecheck_in_N1594323_AloopB256_GfdmixPrime_R8_Seed0.output
12476 filecheck_in_N1594323_AloopB256_GfdmixPrime_R16_Seed0.output
1540 filecheck_in_N24_AfibB8_GfdmixPrime_R4_Seed0.output
1540 filecheck_in_N24_AfibB8_GfdmixPrime_R8_Seed0.output
1540 filecheck_in_N24_AfibB8_GfdmixPrime_R16_Seed0.output
18708 filecheck_in_N13_Atree_GfdmixPrime_R4_Seed1.output
18708 filecheck_in_N13_Atree_GfdmixPrime_R8_Seed1.output
18708 filecheck_in_N13_Atree_GfdmixPrime_R16_Seed1.output
12476 filecheck_in_N1594323_Aloop_GfdmixPrime_R4_Seed1.output
12476 filecheck_in_N1594323_Aloop_GfdmixPrime_R8_Seed1.output
12476 filecheck_in_N1594323_Aloop_GfdmixPrime_R16_Seed1.output
12476 filecheck_in_N1594323_AloopB256_GfdmixPrime_R4_Seed1.output
12476 filecheck_in_N1594323_AloopB256_GfdmixPrime_R8_Seed1.output
12476 filecheck_in_N1594323_AloopB256_GfdmixPrime_R16_Seed1.output
1540 filecheck_in_N24_AfibB8_GfdmixPrime_R4_Seed1.output
1540 filecheck_in_N24_AfibB8_GfdmixPrime_R8_Seed1.output
1540 filecheck_in_N24_AfibB8_GfdmixPrime_R16_Seed1.output
18708 filecheck_in_N13_Atree_GfdmixPrime_R4_Seed3.output
18708 filecheck_in_N13_Atree_GfdmixPrime_R8_Seed3.output
18708 filecheck_in_N13_Atree_GfdmixPrime_R16_Seed3.output
12476 filecheck_in_N1594323_Aloop_GfdmixPrime_R4_Seed3.output
12476 filecheck_in_N1594323_Aloop_GfdmixPrime_R8_Seed3.output
12476 filecheck_in_N1594323_Aloop_GfdmixPrime_R16_Seed3.output
12476 filecheck_in_N1594323_AloopB256_GfdmixPrime_R4_Seed3.output
12476 filecheck_in_N1594323_AloopB256_GfdmixPrime_R8_Seed3.output
12476 filecheck_in_N1594323_AloopB256_GfdmixPrime_R16_Seed3.output
1540 filecheck_in_N24_AfibB8_GfdmixPrime_R4_Seed3.output
1540 filecheck_in_N24_AfibB8_GfdmixPrime_R8_Seed3.output
1540 filecheck_in_N24_AfibB8_GfdmixPrime_R16_Seed3.output
18708 filecheck_in_N13_Atree_GfdmixPrime_R4_Seed32.output
18708 filecheck_in_N13_Atree_GfdmixPrime_R8_Seed32.output
18708 filecheck_in_N13_Atree_GfdmixPrime_R16_Seed32.output
12476 filecheck_in_N1594323_Aloop_GfdmixPrime_R4_Seed32.output
12476 filecheck_in_N1594323_Aloop_GfdmixPrime_R8_Seed32.output
12476 filecheck_in_N1594323_Aloop_GfdmixPrime_R16_Seed32.output
12476 filecheck_in_N1594323_AloopB256_GfdmixPrime_R4_Seed32.output
12476 filecheck_in_N1594323_AloopB256_GfdmixPrime_R8_Seed32.output
12476 filecheck_in_N1594323_AloopB256_GfdmixPrime_R16_Seed32.output
1540 filecheck_in_N24_AfibB8_GfdmixPrime_R4_Seed32.output
1540 filecheck_in_N24_AfibB8_GfdmixPrime_R8_Seed32.output
1540 filecheck_in_N24_AfibB8_GfdmixPrime_R16_Seed32.output
18708 filecheck_in_N13_Atree_GfdmixPrime_R4_Seed1201.output
18708 filecheck_in_N13_Atree_GfdmixPrime_R8_Seed1201.output
18708 filecheck_in_N13_Atree_GfdmixPrime_R16_Seed1201.output
12476 filecheck_in_N1594323_Aloop_GfdmixPrime_R4_Seed1201.output
12476 filecheck_in_N1594323_Aloop_GfdmixPrime_R8_Seed1201.output
12476 filecheck_in_N1594323_Aloop_GfdmixPrime_R16_Seed1201.output
12476 filecheck_in_N1594323_AloopB256_GfdmixPrime_R4_Seed1201.output
12476 filecheck_in_N1594323_AloopB256_GfdmixPrime_R8_Seed1201.output
12476 filecheck_in_N1594323_AloopB256_GfdmixPrime_R16_Seed1201.output
1540 filecheck_in_N24_AfibB8_GfdmixPrime_R4_Seed1201.output
1540 filecheck_in_N24_AfibB8_GfdmixPrime_R8_Seed1201.output
1540 filecheck_in_N24_AfibB8_GfdmixPrime_R16_Seed1201.output
