6df01e76a40bc1e74d7e1a7434c8eaa1 *filecheck_in_N13_Atree_GdmixPrime_R4_Seed651020397607357235.output
2f80746e5678bc64f712874f80825485 *filecheck_in_N13_Atree_GdmixPrime_R8_Seed651020397607357235.output
c5fab301c3e1f1686c0afe121b853ac4 *filecheck_in_N13_Atree_GdmixPrime_R16_Seed651020397607357235.output
f169bc52710ea892c2db67c77909a39c *filecheck_in_N1594323_Aloop_GdmixPrime_R4_Seed651020397607357235.output
a27ef66b203fe140e0d2c446ac033cbd *filecheck_in_N1594323_Aloop_GdmixPrime_R8_Seed651020397607357235.output
45671b3975dd2f656cdd5052854675e7 *filecheck_in_N1594323_Aloop_GdmixPrime_R16_Seed651020397607357235.output
0394f93813d456020a17871fc778920a *filecheck_in_N1594323_AloopB256_GdmixPrime_R4_Seed651020397607357235.output
04dd36d70b7b02af8eecddaeb7248d9c *filecheck_in_N1594323_AloopB256_GdmixPrime_R8_Seed651020397607357235.output
2945c7bdc2bced18a355cb9da737e372 *filecheck_in_N1594323_AloopB256_GdmixPrime_R16_Seed651020397607357235.output
e94e2eebe1c4c0265d7005b5ad51b0ba *filecheck_in_N24_AfibB8_GdmixPrime_R4_Seed651020397607357235.output
54bffe74893aa759df8b22d0fd50d8ba *filecheck_in_N24_AfibB8_GdmixPrime_R8_Seed651020397607357235.output
5b02585eb3ce1ddaad25ef522950fb74 *filecheck_in_N24_AfibB8_GdmixPrime_R16_Seed651020397607357235.output
d83dc03cf6949fe849288cb6712d366b *filecheck_in_N13_Atree_GdmixPrime_R4_Seed10416326361717715772.output
bb97b01c8fce5643335d247f03f18d69 *filecheck_in_N13_Atree_GdmixPrime_R8_Seed10416326361717715772.output
007b818200122810de362efd822ea3d0 *filecheck_in_N13_Atree_GdmixPrime_R16_Seed10416326361717715772.output
4591c22d752fa3e8511e68fcdc2ca6f0 *filecheck_in_N1594323_Aloop_GdmixPrime_R4_Seed10416326361717715772.output
df812133120d3f3a65299bef4bb061f6 *filecheck_in_N1594323_Aloop_GdmixPrime_R8_Seed10416326361717715772.output
b9cc30a051ddc2aeca3e1af8292b5d71 *filecheck_in_N1594323_Aloop_GdmixPrime_R16_Seed10416326361717715772.output
2826590acc2832abaa6a7fba5e9d60ed *filecheck_in_N1594323_AloopB256_GdmixPrime_R4_Seed10416326361717715772.output
687208513a9788caba4ef957b88bd199 *filecheck_in_N1594323_AloopB256_GdmixPrime_R8_Seed10416326361717715772.output
e08076fc8ed59784056711a56d23fead *filecheck_in_N1594323_AloopB256_GdmixPrime_R16_Seed10416326361717715772.output
cf9c810052862051ce8098d338cde4ff *filecheck_in_N24_AfibB8_GdmixPrime_R4_Seed10416326361717715772.output
a7173d147bb4d24ea4f08260efe827b4 *filecheck_in_N24_AfibB8_GdmixPrime_R8_Seed10416326361717715772.output
35008defec7012dda6a0e94b89199323 *filecheck_in_N24_AfibB8_GdmixPrime_R16_Seed10416326361717715772.output
cf4037a8fe585dd8ab5ed5e3447c2927 *filecheck_in_N13_Atree_GdmixPrime_R4_Seed2001959028291723867.output
75077563e8047059d993787034b65fe3 *filecheck_in_N13_Atree_GdmixPrime_R8_Seed2001959028291723867.output
aaf14d22683c35ca7ed263e7f2faf088 *filecheck_in_N13_Atree_GdmixPrime_R16_Seed2001959028291723867.output
c2b251b17739ec7ba84cbbd52ca5383a *filecheck_in_N1594323_Aloop_GdmixPrime_R4_Seed2001959028291723867.output
cdab13d3cd9ee3fe6dbb3ef3e0ca53b3 *filecheck_in_N1594323_Aloop_GdmixPrime_R8_Seed2001959028291723867.output
c3021a0941eb7fb7eefdb6aa8dd8d53c *filecheck_in_N1594323_Aloop_GdmixPrime_R16_Seed2001959028291723867.output
0e49592fd46cc999a3147ecb83cb60a3 *filecheck_in_N1594323_AloopB256_GdmixPrime_R4_Seed2001959028291723867.output
b7c6b13041e43734521152d562504ac4 *filecheck_in_N1594323_AloopB256_GdmixPrime_R8_Seed2001959028291723867.output
6032d761003d2666941e190536f52c7f *filecheck_in_N1594323_AloopB256_GdmixPrime_R16_Seed2001959028291723867.output
8976b0e0c42775a1cbcc81684f732f12 *filecheck_in_N24_AfibB8_GdmixPrime_R4_Seed2001959028291723867.output
019c7029c93a2ca6ad7b4dbb2ac6c974 *filecheck_in_N24_AfibB8_GdmixPrime_R8_Seed2001959028291723867.output
37f93b31d3c1dd6ae84a95f59f58602e *filecheck_in_N24_AfibB8_GdmixPrime_R16_Seed2001959028291723867.output
27801d8c5f54a855214910980d50fc10 *filecheck_in_N13_Atree_GdmixPrime_R4_Seed3698757827557609530.output
892aa48cfeaa8f5172a5d8dba9f9e62b *filecheck_in_N13_Atree_GdmixPrime_R8_Seed3698757827557609530.output
cb9f3635c5e57dce7b410bbb918eeb8f *filecheck_in_N13_Atree_GdmixPrime_R16_Seed3698757827557609530.output
af0b5bcc1f7ac58ea5dac0a2fae43c5b *filecheck_in_N1594323_Aloop_GdmixPrime_R4_Seed3698757827557609530.output
2f7513475e027d4cc90fce7f03be85a0 *filecheck_in_N1594323_Aloop_GdmixPrime_R8_Seed3698757827557609530.output
0f998ce4e4c602bb1d9d47cb8ea6f785 *filecheck_in_N1594323_Aloop_GdmixPrime_R16_Seed3698757827557609530.output
b333161e05ad057cacdecfe70f0d9dbe *filecheck_in_N1594323_AloopB256_GdmixPrime_R4_Seed3698757827557609530.output
dbf3bfe0092dab6268ba2f34ea8d078c *filecheck_in_N1594323_AloopB256_GdmixPrime_R8_Seed3698757827557609530.output
86032b6a8d94922a6117d232cbb98fd4 *filecheck_in_N1594323_AloopB256_GdmixPrime_R16_Seed3698757827557609530.output
40c9cf458843e27191ec38342f3fcae9 *filecheck_in_N24_AfibB8_GdmixPrime_R4_Seed3698757827557609530.output
cd19f8e8cae85692925cf9383d0aee05 *filecheck_in_N24_AfibB8_GdmixPrime_R8_Seed3698757827557609530.output
bee8a7012fec051807c5a53c2d69cf16 *filecheck_in_N24_AfibB8_GdmixPrime_R16_Seed3698757827557609530.output
6a445c62fcaf4a043fb6ac1a2a574c27 *filecheck_in_N13_Atree_GdmixPrime_R4_Seed4561586318396457410.output
25c5f54f18371a89cfacea85ab77f65a *filecheck_in_N13_Atree_GdmixPrime_R8_Seed4561586318396457410.output
890dabc34676fe9aa9ec49d350cbca36 *filecheck_in_N13_Atree_GdmixPrime_R16_Seed4561586318396457410.output
04c896762dc64b5e04c06206790df0b9 *filecheck_in_N1594323_Aloop_GdmixPrime_R4_Seed4561586318396457410.output
05ab8474a81ea2ebd0d6fe8893063d08 *filecheck_in_N1594323_Aloop_GdmixPrime_R8_Seed4561586318396457410.output
c7074eb6852b5ea735b5494c2c1c2c67 *filecheck_in_N1594323_Aloop_GdmixPrime_R16_Seed4561586318396457410.output
3c7a305eb98ef191a1dfa62f0d0000ef *filecheck_in_N1594323_AloopB256_GdmixPrime_R4_Seed4561586318396457410.output
541e379470bd6bcd02ec835912acbe43 *filecheck_in_N1594323_AloopB256_GdmixPrime_R8_Seed4561586318396457410.output
9ba1227bbdaf3d32d83032bfb4deab2e *filecheck_in_N1594323_AloopB256_GdmixPrime_R16_Seed4561586318396457410.output
e336aa4f52973c31cb048f5fb41382c1 *filecheck_in_N24_AfibB8_GdmixPrime_R4_Seed4561586318396457410.output
ab183c4393319e6fc9aa4ff8d93e7f02 *filecheck_in_N24_AfibB8_GdmixPrime_R8_Seed4561586318396457410.output
ab60e97785d0cd90602a92e3f9146e88 *filecheck_in_N24_AfibB8_GdmixPrime_R16_Seed4561586318396457410.output
08bef3706f3058191af4d3cddf9f9161 *filecheck_in_N13_Atree_GdmixPrime_R4_Seed9223372036854775807.output
7a89f04fca99ea9c2a465539236e3244 *filecheck_in_N13_Atree_GdmixPrime_R8_Seed9223372036854775807.output
7f8bc760553a6067e458a1469c34a0a9 *filecheck_in_N13_Atree_GdmixPrime_R16_Seed9223372036854775807.output
dfd22a6a9d21a454cc231f89e5bd8b00 *filecheck_in_N1594323_Aloop_GdmixPrime_R4_Seed9223372036854775807.output
65bc97124bdbf66769ee71458ecc4efb *filecheck_in_N1594323_Aloop_GdmixPrime_R8_Seed9223372036854775807.output
26971f30dd82760451196403ca31029d *filecheck_in_N1594323_Aloop_GdmixPrime_R16_Seed9223372036854775807.output
d1afc0de16ca43d10335982b658018e1 *filecheck_in_N1594323_AloopB256_GdmixPrime_R4_Seed9223372036854775807.output
f3b8827e4a18ade0ae1ee50268269eee *filecheck_in_N1594323_AloopB256_GdmixPrime_R8_Seed9223372036854775807.output
fca37253f5ad087e184a67c4aaed0f0d *filecheck_in_N1594323_AloopB256_GdmixPrime_R16_Seed9223372036854775807.output
9c37202949a33d95fdecee347c6820ca *filecheck_in_N24_AfibB8_GdmixPrime_R4_Seed9223372036854775807.output
38dfc41ea70efd9b99f1a29c5a7c5b53 *filecheck_in_N24_AfibB8_GdmixPrime_R8_Seed9223372036854775807.output
f392a47e8e12eb55302acff4bf2d56dd *filecheck_in_N24_AfibB8_GdmixPrime_R16_Seed9223372036854775807.output
66d1e8e51b9150dbd9c4bcfedb613896 *filecheck_in_N13_Atree_GdmixPrime_R4_Seed0.output
681474175ec58df541e155759c93805a *filecheck_in_N13_Atree_GdmixPrime_R8_Seed0.output
dd909b3ba4c4095412f94a47407cd178 *filecheck_in_N13_Atree_GdmixPrime_R16_Seed0.output
afcaec5287442e85129d23faa3657946 *filecheck_in_N1594323_Aloop_GdmixPrime_R4_Seed0.output
356d349b56d7f689bdb5d98e7cd1cca1 *filecheck_in_N1594323_Aloop_GdmixPrime_R8_Seed0.output
3db5363e6c4af5c8cb1d81b494be057f *filecheck_in_N1594323_Aloop_GdmixPrime_R16_Seed0.output
6ffe36f3a973a06ea5d941523664196b *filecheck_in_N1594323_AloopB256_GdmixPrime_R4_Seed0.output
2eacbd557e610e42f3a5133c02468424 *filecheck_in_N1594323_AloopB256_GdmixPrime_R8_Seed0.output
9bbd9289b768126354e0be4f87961a41 *filecheck_in_N1594323_AloopB256_GdmixPrime_R16_Seed0.output
3dd10b9e1847d7b179e514041b498af6 *filecheck_in_N24_AfibB8_GdmixPrime_R4_Seed0.output
62ae15dc8a8f54115a8fc2b136af25c2 *filecheck_in_N24_AfibB8_GdmixPrime_R8_Seed0.output
1aceb6a8304d452bd1afd7e61d5295fa *filecheck_in_N24_AfibB8_GdmixPrime_R16_Seed0.output
0a21ef0f4dee297ebc23c6549ae2f95f *filecheck_in_N13_Atree_GdmixPrime_R4_Seed1.output
07ca8921df34b30ce4b8d48b4a0b76e5 *filecheck_in_N13_Atree_GdmixPrime_R8_Seed1.output
e515b16e88faaa702ab9becf03e9d5b9 *filecheck_in_N13_Atree_GdmixPrime_R16_Seed1.output
7c78e358d1cbcdd42e808c73174b9551 *filecheck_in_N1594323_Aloop_GdmixPrime_R4_Seed1.output
e35b886f6a0d56fa783c1e6e5f5f5cf2 *filecheck_in_N1594323_Aloop_GdmixPrime_R8_Seed1.output
efd5c3cb6934989680c8e7f54869ed56 *filecheck_in_N1594323_Aloop_GdmixPrime_R16_Seed1.output
dd2ebe2d5f8e38eb83804c34770f2083 *filecheck_in_N1594323_AloopB256_GdmixPrime_R4_Seed1.output
fbb2101324b2e356168b4d44432bfc5b *filecheck_in_N1594323_AloopB256_GdmixPrime_R8_Seed1.output
1ffa9a04cb723c2dc54fd7c2ea1a3369 *filecheck_in_N1594323_AloopB256_GdmixPrime_R16_Seed1.output
9f95e1d1710724d8114d6e3be3d941d5 *filecheck_in_N24_AfibB8_GdmixPrime_R4_Seed1.output
c37ebd867a5c726cfa61106c105711ac *filecheck_in_N24_AfibB8_GdmixPrime_R8_Seed1.output
e4c82e20955cca5f2222f9a3eee36699 *filecheck_in_N24_AfibB8_GdmixPrime_R16_Seed1.output
e745b7df290dda453b63ce1716a8f61d *filecheck_in_N13_Atree_GdmixPrime_R4_Seed3.output
10e761be936fac1bccd43008fd351586 *filecheck_in_N13_Atree_GdmixPrime_R8_Seed3.output
18eb60ac36611369a11283bf2ce2bdc7 *filecheck_in_N13_Atree_GdmixPrime_R16_Seed3.output
4a2141dc4e52006cc247fa34434cc012 *filecheck_in_N1594323_Aloop_GdmixPrime_R4_Seed3.output
084b45e3d538464edcf0bc2c1cd21414 *filecheck_in_N1594323_Aloop_GdmixPrime_R8_Seed3.output
86ab4f5e492b5fc8a3c04baf4d94b80b *filecheck_in_N1594323_Aloop_GdmixPrime_R16_Seed3.output
7d55e96030cfc9552a103be86c1a6f97 *filecheck_in_N1594323_AloopB256_GdmixPrime_R4_Seed3.output
e98c4239fe81c8066e5e880cb2061fa4 *filecheck_in_N1594323_AloopB256_GdmixPrime_R8_Seed3.output
5327642cf41c96c0d011bdb6a6a35339 *filecheck_in_N1594323_AloopB256_GdmixPrime_R16_Seed3.output
083a5d09b6103d1bc103e8b93ec16269 *filecheck_in_N24_AfibB8_GdmixPrime_R4_Seed3.output
7561b33e350a0669c5f6da67625d3677 *filecheck_in_N24_AfibB8_GdmixPrime_R8_Seed3.output
27aeef06a0261166f9e97ef6a6d0af48 *filecheck_in_N24_AfibB8_GdmixPrime_R16_Seed3.output
998ea523d497f966ef5be6835356f985 *filecheck_in_N13_Atree_GdmixPrime_R4_Seed32.output
2cc0de128573357e1f54184629f41de2 *filecheck_in_N13_Atree_GdmixPrime_R8_Seed32.output
6086dbc5a84dcfa8e4b00d8daf592d44 *filecheck_in_N13_Atree_GdmixPrime_R16_Seed32.output
b0482e03e9e28251ac66e77f537a41f1 *filecheck_in_N1594323_Aloop_GdmixPrime_R4_Seed32.output
55fbc14da8628665a368e8cd5e18027f *filecheck_in_N1594323_Aloop_GdmixPrime_R8_Seed32.output
30950f844e5b1998c4cbc17be6f0d465 *filecheck_in_N1594323_Aloop_GdmixPrime_R16_Seed32.output
91184b5be01c7117b497a0d4071c5394 *filecheck_in_N1594323_AloopB256_GdmixPrime_R4_Seed32.output
132795bb0b43378728a5f406930d45fa *filecheck_in_N1594323_AloopB256_GdmixPrime_R8_Seed32.output
8e6cbdb16ec86a35a399375bafe48e97 *filecheck_in_N1594323_AloopB256_GdmixPrime_R16_Seed32.output
f4b097203524c14182fb0709b630899c *filecheck_in_N24_AfibB8_GdmixPrime_R4_Seed32.output
f7fcd17ad10b98af42fdd6b47d0bdedf *filecheck_in_N24_AfibB8_GdmixPrime_R8_Seed32.output
f52b2f12106cb489bdc75e061e9b894a *filecheck_in_N24_AfibB8_GdmixPrime_R16_Seed32.output
0faf3dbca3be0cca1294d42f98ff0787 *filecheck_in_N13_Atree_GdmixPrime_R4_Seed1201.output
ff58894458adada3e0ba420d8be134d6 *filecheck_in_N13_Atree_GdmixPrime_R8_Seed1201.output
b02a60622c42cd419163aeded5aef792 *filecheck_in_N13_Atree_GdmixPrime_R16_Seed1201.output
7c230c9dbf452574e6eead0a29983667 *filecheck_in_N1594323_Aloop_GdmixPrime_R4_Seed1201.output
0d7e04006aae15d253cf0d4ed6783ec9 *filecheck_in_N1594323_Aloop_GdmixPrime_R8_Seed1201.output
14596f13cb28790cb4bd189679945ede *filecheck_in_N1594323_Aloop_GdmixPrime_R16_Seed1201.output
b13bfad66916f406083b37d2dc030e07 *filecheck_in_N1594323_AloopB256_GdmixPrime_R4_Seed1201.output
21477f7d97855a0dd6b17cf6dce5057f *filecheck_in_N1594323_AloopB256_GdmixPrime_R8_Seed1201.output
2c3bd3f43e4850272d9900f9bdb3bfac *filecheck_in_N1594323_AloopB256_GdmixPrime_R16_Seed1201.output
646a38bd3588d0a73c3a6d1f2356b79c *filecheck_in_N24_AfibB8_GdmixPrime_R4_Seed1201.output
6a9473c4960132fadc35f75eb07c6ef2 *filecheck_in_N24_AfibB8_GdmixPrime_R8_Seed1201.output
8e4fc7ce99bb523594142730df599204 *filecheck_in_N24_AfibB8_GdmixPrime_R16_Seed1201.output
