2e04f60b156469c08ad2eb3b9982a757 *filecheck_in_N13_Atree_GfdmixPrime_R4_Seed651020397607357235.output
7d7e2c4a2691620037d0a72a0ae9d73e *filecheck_in_N13_Atree_GfdmixPrime_R8_Seed651020397607357235.output
ed84e684cb928ce3e121c8674d2650cc *filecheck_in_N13_Atree_GfdmixPrime_R16_Seed651020397607357235.output
76fa9fab79ec8534265daff5934160e1 *filecheck_in_N1594323_Aloop_GfdmixPrime_R4_Seed651020397607357235.output
d55a273a6812cbc2ca401ff31e8a246e *filecheck_in_N1594323_Aloop_GfdmixPrime_R8_Seed651020397607357235.output
65f8e047cfea3c1fb71eb5c76e79c22d *filecheck_in_N1594323_Aloop_GfdmixPrime_R16_Seed651020397607357235.output
f63be2c08ca1888321bad6cebd9bec96 *filecheck_in_N1594323_AloopB256_GfdmixPrime_R4_Seed651020397607357235.output
3ebac0c7f85402aa67aef02cbd4faa45 *filecheck_in_N1594323_AloopB256_GfdmixPrime_R8_Seed651020397607357235.output
aaaa123731af1fc9dfde40626e73700a *filecheck_in_N1594323_AloopB256_GfdmixPrime_R16_Seed651020397607357235.output
c2e76cbd51a718931c40171edcdadc9a *filecheck_in_N24_AfibB8_GfdmixPrime_R4_Seed651020397607357235.output
3dd47e0a74c92e6e43a2b69c5d3bffc5 *filecheck_in_N24_AfibB8_GfdmixPrime_R8_Seed651020397607357235.output
a67d98689dff785dc7125eac9cfc3796 *filecheck_in_N24_AfibB8_GfdmixPrime_R16_Seed651020397607357235.output
87e105ced4c479e95618c51eb655c483 *filecheck_in_N13_Atree_GfdmixPrime_R4_Seed10416326361717715772.output
be62806a02a17929a7eb49e587f7480a *filecheck_in_N13_Atree_GfdmixPrime_R8_Seed10416326361717715772.output
484d7b561771751525fa9cd891ce42ac *filecheck_in_N13_Atree_GfdmixPrime_R16_Seed10416326361717715772.output
8aceae7ea536691a8310dab9dae5c277 *filecheck_in_N1594323_Aloop_GfdmixPrime_R4_Seed10416326361717715772.output
c8244cccf9780ebe5d57e9d4c0b10642 *filecheck_in_N1594323_Aloop_GfdmixPrime_R8_Seed10416326361717715772.output
862ccb7579c521bea1d76e0b2efa65fd *filecheck_in_N1594323_Aloop_GfdmixPrime_R16_Seed10416326361717715772.output
c0acb5f2ca7053ebc451f962f00ffb46 *filecheck_in_N1594323_AloopB256_GfdmixPrime_R4_Seed10416326361717715772.output
3fb5fa01e54659181990be2cf40a99a3 *filecheck_in_N1594323_AloopB256_GfdmixPrime_R8_Seed10416326361717715772.output
ff94e7e663d8bd4283d47a39279e8b94 *filecheck_in_N1594323_AloopB256_GfdmixPrime_R16_Seed10416326361717715772.output
5dd3f5c9267950d3a61b8108994a1f27 *filecheck_in_N24_AfibB8_GfdmixPrime_R4_Seed10416326361717715772.output
87e47b3881f4257cd00c3fcf7c9d204d *filecheck_in_N24_AfibB8_GfdmixPrime_R8_Seed10416326361717715772.output
3a47382fa68e0b69fcb67b73fc73f3df *filecheck_in_N24_AfibB8_GfdmixPrime_R16_Seed10416326361717715772.output
54a654c0b3a0421f64884ea79fa57d36 *filecheck_in_N13_Atree_GfdmixPrime_R4_Seed2001959028291723867.output
535d6e7f939d929657a7cad96e698078 *filecheck_in_N13_Atree_GfdmixPrime_R8_Seed2001959028291723867.output
e95930981bf7b4713ffa2753a6ba9d54 *filecheck_in_N13_Atree_GfdmixPrime_R16_Seed2001959028291723867.output
ca2a9b2f1177ae4af2e3a4e93328ca84 *filecheck_in_N1594323_Aloop_GfdmixPrime_R4_Seed2001959028291723867.output
2c42727ad2ecabf2be10ea4deea1db00 *filecheck_in_N1594323_Aloop_GfdmixPrime_R8_Seed2001959028291723867.output
b9ee67d06384f09f4e18b53bd6843f85 *filecheck_in_N1594323_Aloop_GfdmixPrime_R16_Seed2001959028291723867.output
be3f3a93f93be0b0b6a34b6ea863cb63 *filecheck_in_N1594323_AloopB256_GfdmixPrime_R4_Seed2001959028291723867.output
2ba575d233137c97fc7459bfe88f3e79 *filecheck_in_N1594323_AloopB256_GfdmixPrime_R8_Seed2001959028291723867.output
58e528b1d1d3e16a87baade97a570088 *filecheck_in_N1594323_AloopB256_GfdmixPrime_R16_Seed2001959028291723867.output
3583ce227b3d49aaa8a898aa2b6a73f0 *filecheck_in_N24_AfibB8_GfdmixPrime_R4_Seed2001959028291723867.output
1e688dc455f127d3705e91824a18d02c *filecheck_in_N24_AfibB8_GfdmixPrime_R8_Seed2001959028291723867.output
7a8b3c228387c767dcc7b60674fc1653 *filecheck_in_N24_AfibB8_GfdmixPrime_R16_Seed2001959028291723867.output
98fc52fa7cb8888fb51c782a67951435 *filecheck_in_N13_Atree_GfdmixPrime_R4_Seed3698757827557609530.output
c28433f5b8be2ae1bd5df95219bd1752 *filecheck_in_N13_Atree_GfdmixPrime_R8_Seed3698757827557609530.output
2cc2a1d32da07d9f545dd384ecaa8dd4 *filecheck_in_N13_Atree_GfdmixPrime_R16_Seed3698757827557609530.output
8a72100272fe830bfce9cc58fca80b3d *filecheck_in_N1594323_Aloop_GfdmixPrime_R4_Seed3698757827557609530.output
5eb4c73c800b0cb732a83c35f53243f6 *filecheck_in_N1594323_Aloop_GfdmixPrime_R8_Seed3698757827557609530.output
52b2550c4dda772a8f779bbcbca11f17 *filecheck_in_N1594323_Aloop_GfdmixPrime_R16_Seed3698757827557609530.output
9967ae50e0cc806b21c7ed8684aab533 *filecheck_in_N1594323_AloopB256_GfdmixPrime_R4_Seed3698757827557609530.output
0dfd7b0c7eca0491ea669aff3c5371a7 *filecheck_in_N1594323_AloopB256_GfdmixPrime_R8_Seed3698757827557609530.output
bf54ddcab88e83a04fe6b1f9ed2c42c1 *filecheck_in_N1594323_AloopB256_GfdmixPrime_R16_Seed3698757827557609530.output
22436ff75e3ba7ff2cbcfd9a56ad7923 *filecheck_in_N24_AfibB8_GfdmixPrime_R4_Seed3698757827557609530.output
bb4f48a0efda354045d2901e04b99c27 *filecheck_in_N24_AfibB8_GfdmixPrime_R8_Seed3698757827557609530.output
6dad7085131602ad415b9416a23a4d0a *filecheck_in_N24_AfibB8_GfdmixPrime_R16_Seed3698757827557609530.output
b03f28d64799ce087abec15d3a78a829 *filecheck_in_N13_Atree_GfdmixPrime_R4_Seed4561586318396457410.output
aa2ba189df98ceb6973ea69c6b80ee6b *filecheck_in_N13_Atree_GfdmixPrime_R8_Seed4561586318396457410.output
766512a3bcb831a16d90d56c5d0962ad *filecheck_in_N13_Atree_GfdmixPrime_R16_Seed4561586318396457410.output
5e14338c7777a883aa6cc20dc677fb75 *filecheck_in_N1594323_Aloop_GfdmixPrime_R4_Seed4561586318396457410.output
e2c0dbeb3c2488c57b465f80ff44ec69 *filecheck_in_N1594323_Aloop_GfdmixPrime_R8_Seed4561586318396457410.output
6715c926272e644b479e60a9d9ecf5ac *filecheck_in_N1594323_Aloop_GfdmixPrime_R16_Seed4561586318396457410.output
d0620369e35c4807ff02f037474d93f9 *filecheck_in_N1594323_AloopB256_GfdmixPrime_R4_Seed4561586318396457410.output
de9b47d25dee5e29ee4d86128ca0bd32 *filecheck_in_N1594323_AloopB256_GfdmixPrime_R8_Seed4561586318396457410.output
f7b798d6231598d35fdbe156c966ea2f *filecheck_in_N1594323_AloopB256_GfdmixPrime_R16_Seed4561586318396457410.output
9bcc8214e838e7b15d75f3d9f3a4dda1 *filecheck_in_N24_AfibB8_GfdmixPrime_R4_Seed4561586318396457410.output
4f9c7bb78df21059c5ed8172e70318a4 *filecheck_in_N24_AfibB8_GfdmixPrime_R8_Seed4561586318396457410.output
968ba86cf6bb83640f2f211f4b952517 *filecheck_in_N24_AfibB8_GfdmixPrime_R16_Seed4561586318396457410.output
af9f969ba9622318780df27fbfb4ee28 *filecheck_in_N13_Atree_GfdmixPrime_R4_Seed9223372036854775807.output
a350e361eb46e89603d16ebf571f7754 *filecheck_in_N13_Atree_GfdmixPrime_R8_Seed9223372036854775807.output
cd87baaac250900ad72da12241d09712 *filecheck_in_N13_Atree_GfdmixPrime_R16_Seed9223372036854775807.output
a33eea319fa94fef0aea7afc1cacce29 *filecheck_in_N1594323_Aloop_GfdmixPrime_R4_Seed9223372036854775807.output
27ac721e29735e67edc611f55602f25a *filecheck_in_N1594323_Aloop_GfdmixPrime_R8_Seed9223372036854775807.output
9fe4c2d6571691f7031008ecd62ee45c *filecheck_in_N1594323_Aloop_GfdmixPrime_R16_Seed9223372036854775807.output
e4c5151c099fbc36f20336aef5348aff *filecheck_in_N1594323_AloopB256_GfdmixPrime_R4_Seed9223372036854775807.output
4dd7c51cafe211617bbb9e19ebec1952 *filecheck_in_N1594323_AloopB256_GfdmixPrime_R8_Seed9223372036854775807.output
8fa6ed1d9b8486f2718529913d3f0342 *filecheck_in_N1594323_AloopB256_GfdmixPrime_R16_Seed9223372036854775807.output
cc23fd1bd0424ad3e259523a4bc0f832 *filecheck_in_N24_AfibB8_GfdmixPrime_R4_Seed9223372036854775807.output
f8b377180133a46e0a6bbd8582d22962 *filecheck_in_N24_AfibB8_GfdmixPrime_R8_Seed9223372036854775807.output
fadd6e12e6231dfb0247f4a519527b9f *filecheck_in_N24_AfibB8_GfdmixPrime_R16_Seed9223372036854775807.output
aa1b1d3373ff521e6a4dc43fd08db235 *filecheck_in_N13_Atree_GfdmixPrime_R4_Seed0.output
107ef27b523a749c7eae1ee173cac1b6 *filecheck_in_N13_Atree_GfdmixPrime_R8_Seed0.output
c9bcd4660c9e0d94b247a895acb38307 *filecheck_in_N13_Atree_GfdmixPrime_R16_Seed0.output
e602113dd1a81cb00a70d3364b8a2600 *filecheck_in_N1594323_Aloop_GfdmixPrime_R4_Seed0.output
77e8cb61093bd6788f4db5b42e7d3c80 *filecheck_in_N1594323_Aloop_GfdmixPrime_R8_Seed0.output
d5231c9410896e536c95a044e2c8f10e *filecheck_in_N1594323_Aloop_GfdmixPrime_R16_Seed0.output
1ce4a6e516f371560d5bca8f89781db8 *filecheck_in_N1594323_AloopB256_GfdmixPrime_R4_Seed0.output
48634b289d9c732199e46598f64bd889 *filecheck_in_N1594323_AloopB256_GfdmixPrime_R8_Seed0.output
c7188c74cf8795e402f27c1c5fe13151 *filecheck_in_N1594323_AloopB256_GfdmixPrime_R16_Seed0.output
90f87f86f22ae9cf24db54ff99e65ab9 *filecheck_in_N24_AfibB8_GfdmixPrime_R4_Seed0.output
c8d6be3c5b0d45c2832fb7646b06eb58 *filecheck_in_N24_AfibB8_GfdmixPrime_R8_Seed0.output
0ebfda8ade93e6e09e9ca9accee04275 *filecheck_in_N24_AfibB8_GfdmixPrime_R16_Seed0.output
5ba8c18871e20e512a6ae4572554a722 *filecheck_in_N13_Atree_GfdmixPrime_R4_Seed1.output
f27903b9c28105492b54a1d70148e442 *filecheck_in_N13_Atree_GfdmixPrime_R8_Seed1.output
be75f9fdbdc7916c737ae74193af3c69 *filecheck_in_N13_Atree_GfdmixPrime_R16_Seed1.output
66c6438dc4bf4cd79ae2a8b8b3abbdaa *filecheck_in_N1594323_Aloop_GfdmixPrime_R4_Seed1.output
673730cf8e6c83d9dba93998f42699ec *filecheck_in_N1594323_Aloop_GfdmixPrime_R8_Seed1.output
6e3d43d8ca89d72a6f936b1938bc8eac *filecheck_in_N1594323_Aloop_GfdmixPrime_R16_Seed1.output
4d6e4a9a0a7fc5198aca41d9a5e28af5 *filecheck_in_N1594323_AloopB256_GfdmixPrime_R4_Seed1.output
0b97612bcf7223c0cba423bbfca89701 *filecheck_in_N1594323_AloopB256_GfdmixPrime_R8_Seed1.output
c374cca8e18ba37a43ff78ef3487ca80 *filecheck_in_N1594323_AloopB256_GfdmixPrime_R16_Seed1.output
46e57a2af016b07a6fc2a508292f1abc *filecheck_in_N24_AfibB8_GfdmixPrime_R4_Seed1.output
3f50b2d6afdd991a335f2ade695d4a8b *filecheck_in_N24_AfibB8_GfdmixPrime_R8_Seed1.output
ec51c5c1a81e044adc6f53a1b3aefbe3 *filecheck_in_N24_AfibB8_GfdmixPrime_R16_Seed1.output
581fa2d09b7ca0bd5c770bd00e1747cb *filecheck_in_N13_Atree_GfdmixPrime_R4_Seed3.output
2e91cee084dd1308d17e73f8b99e3574 *filecheck_in_N13_Atree_GfdmixPrime_R8_Seed3.output
066afec7c26ff694824d7832ae5bd302 *filecheck_in_N13_Atree_GfdmixPrime_R16_Seed3.output
a307d1f3d37b9ff1a74d6a3e49e9ac47 *filecheck_in_N1594323_Aloop_GfdmixPrime_R4_Seed3.output
4252b5b1f29e8e0dbc8a7cd4ace6350a *filecheck_in_N1594323_Aloop_GfdmixPrime_R8_Seed3.output
9875aa302e25a71cfbf7c29e8771c4e9 *filecheck_in_N1594323_Aloop_GfdmixPrime_R16_Seed3.output
1c7bc1cc718fea41e0b8c2a236fc169e *filecheck_in_N1594323_AloopB256_GfdmixPrime_R4_Seed3.output
51a6f04521ae856ab23e5103cc2c6537 *filecheck_in_N1594323_AloopB256_GfdmixPrime_R8_Seed3.output
665453b59fbdc7bde3d3b8fda41058a3 *filecheck_in_N1594323_AloopB256_GfdmixPrime_R16_Seed3.output
8fd35f0878bebcefc62a705524cb8634 *filecheck_in_N24_AfibB8_GfdmixPrime_R4_Seed3.output
cb34425df157d1d549dcbe004d01d0d9 *filecheck_in_N24_AfibB8_GfdmixPrime_R8_Seed3.output
4e9f6d5442f1901a548c334fa2c8dbdc *filecheck_in_N24_AfibB8_GfdmixPrime_R16_Seed3.output
2b39bfed59e45f8cd22ce23d191d3026 *filecheck_in_N13_Atree_GfdmixPrime_R4_Seed32.output
820dc1feeff5c2308fd0546f4ac840e2 *filecheck_in_N13_Atree_GfdmixPrime_R8_Seed32.output
3e61026272f330db322ba89e12504ca8 *filecheck_in_N13_Atree_GfdmixPrime_R16_Seed32.output
5fdd24ac3f7ffea4b2de042b0b2b5b37 *filecheck_in_N1594323_Aloop_GfdmixPrime_R4_Seed32.output
91c8e16d0a735f31a68c2271b3e6b3e0 *filecheck_in_N1594323_Aloop_GfdmixPrime_R8_Seed32.output
5ff069af6dfbf047bd284cc63f12b9b8 *filecheck_in_N1594323_Aloop_GfdmixPrime_R16_Seed32.output
de43d6cb95f0f02b9451ea5502f855e9 *filecheck_in_N1594323_AloopB256_GfdmixPrime_R4_Seed32.output
8c556d573559c7401b5f8c16c5873b21 *filecheck_in_N1594323_AloopB256_GfdmixPrime_R8_Seed32.output
84308c7c54ccece833892db9c67dace6 *filecheck_in_N1594323_AloopB256_GfdmixPrime_R16_Seed32.output
1013bd21d1f37148f5c007afe99f1123 *filecheck_in_N24_AfibB8_GfdmixPrime_R4_Seed32.output
1dfb501fa9fc99f97ca9ade63c6e6e7c *filecheck_in_N24_AfibB8_GfdmixPrime_R8_Seed32.output
59e5185fff5308e9055b3976dcd6a18c *filecheck_in_N24_AfibB8_GfdmixPrime_R16_Seed32.output
b394496e6521725907a62f9458bb4769 *filecheck_in_N13_Atree_GfdmixPrime_R4_Seed1201.output
9d5cb031e4bb3dd8c0f127214c63a9ad *filecheck_in_N13_Atree_GfdmixPrime_R8_Seed1201.output
928acb4aa35e48b37f982cea471cf722 *filecheck_in_N13_Atree_GfdmixPrime_R16_Seed1201.output
d6a3c409fd9651b9f0892424533b326d *filecheck_in_N1594323_Aloop_GfdmixPrime_R4_Seed1201.output
ee8f48679fa68f1e333b1d5f494d6cb8 *filecheck_in_N1594323_Aloop_GfdmixPrime_R8_Seed1201.output
0d29c23e586a0d9dbad3384448a6db32 *filecheck_in_N1594323_Aloop_GfdmixPrime_R16_Seed1201.output
6bf0af87d911df8cfadf7e1449febaf2 *filecheck_in_N1594323_AloopB256_GfdmixPrime_R4_Seed1201.output
7fdb2a59d43af51e28d48d51d44fb680 *filecheck_in_N1594323_AloopB256_GfdmixPrime_R8_Seed1201.output
cb7ffae1806329366d641f8fd662a22a *filecheck_in_N1594323_AloopB256_GfdmixPrime_R16_Seed1201.output
df424b6a85d52606401e9176ada2d836 *filecheck_in_N24_AfibB8_GfdmixPrime_R4_Seed1201.output
d02c683907c84b447703d3a0bcbd682c *filecheck_in_N24_AfibB8_GfdmixPrime_R8_Seed1201.output
47eef3f74a23296c1716a6fececb0684 *filecheck_in_N24_AfibB8_GfdmixPrime_R16_Seed1201.output
